TimeQuest Timing Analyzer report for BSCU
Sat Dec 13 15:19:49 2025
Quartus II 64-Bit Version 13.0.1 Build 232 06/12/2013 Service Pack 1 SJ Web Edition


---------------------
; Table of Contents ;
---------------------
  1. Legal Notice
  2. TimeQuest Timing Analyzer Summary
  3. Parallel Compilation
  4. Clocks
  5. Slow Model Fmax Summary
  6. Slow Model Setup Summary
  7. Slow Model Hold Summary
  8. Slow Model Recovery Summary
  9. Slow Model Removal Summary
 10. Slow Model Minimum Pulse Width Summary
 11. Propagation Delay
 12. Minimum Propagation Delay
 13. Fast Model Setup Summary
 14. Fast Model Hold Summary
 15. Fast Model Recovery Summary
 16. Fast Model Removal Summary
 17. Fast Model Minimum Pulse Width Summary
 18. Propagation Delay
 19. Minimum Propagation Delay
 20. Multicorner Timing Analysis Summary
 21. Progagation Delay
 22. Minimum Progagation Delay
 23. Clock Transfers
 24. Report TCCS
 25. Report RSKM
 26. Unconstrained Paths
 27. TimeQuest Timing Analyzer Messages



----------------
; Legal Notice ;
----------------
Copyright (C) 1991-2013 Altera Corporation
Your use of Altera Corporation's design tools, logic functions 
and other software and tools, and its AMPP partner logic 
functions, and any output files from any of the foregoing 
(including device programming or simulation files), and any 
associated documentation or information are expressly subject 
to the terms and conditions of the Altera Program License 
Subscription Agreement, Altera MegaCore Function License 
Agreement, or other applicable license agreement, including, 
without limitation, that your use is for the sole purpose of 
programming logic devices manufactured by Altera and sold by 
Altera or its authorized distributors.  Please refer to the 
applicable agreement for further details.



+----------------------------------------------------------------------------------------+
; TimeQuest Timing Analyzer Summary                                                      ;
+--------------------+-------------------------------------------------------------------+
; Quartus II Version ; Version 13.0.1 Build 232 06/12/2013 Service Pack 1 SJ Web Edition ;
; Revision Name      ; BSCU                                                              ;
; Device Family      ; Cyclone II                                                        ;
; Device Name        ; EP2C35F672C6                                                      ;
; Timing Models      ; Final                                                             ;
; Delay Model        ; Combined                                                          ;
; Rise/Fall Delays   ; Unavailable                                                       ;
+--------------------+-------------------------------------------------------------------+


Parallel compilation was disabled, but you have multiple processors available. Enable parallel compilation to reduce compilation time.
+-------------------------------------+
; Parallel Compilation                ;
+----------------------------+--------+
; Processors                 ; Number ;
+----------------------------+--------+
; Number detected on machine ; 8      ;
; Maximum allowed            ; 1      ;
+----------------------------+--------+


----------
; Clocks ;
----------
No clocks to report.


---------------------------
; Slow Model Fmax Summary ;
---------------------------
No paths to report.


----------------------------
; Slow Model Setup Summary ;
----------------------------
No paths to report.


---------------------------
; Slow Model Hold Summary ;
---------------------------
No paths to report.


-------------------------------
; Slow Model Recovery Summary ;
-------------------------------
No paths to report.


------------------------------
; Slow Model Removal Summary ;
------------------------------
No paths to report.


------------------------------------------
; Slow Model Minimum Pulse Width Summary ;
------------------------------------------
No paths to report.


+--------------------------------------------------------------+
; Propagation Delay                                            ;
+------------+-------------+--------+--------+--------+--------+
; Input Port ; Output Port ; RR     ; RF     ; FR     ; FF     ;
+------------+-------------+--------+--------+--------+--------+
; A[0]       ; O[0]        ; 17.393 ; 17.393 ; 17.393 ; 17.393 ;
; A[0]       ; O[1]        ; 18.825 ; 18.825 ; 18.825 ; 18.825 ;
; A[0]       ; O[2]        ; 18.290 ; 18.290 ; 18.290 ; 18.290 ;
; A[0]       ; O[3]        ; 18.637 ; 18.637 ; 18.637 ; 18.637 ;
; A[0]       ; O[4]        ; 18.934 ; 18.934 ; 18.934 ; 18.934 ;
; A[0]       ; O[5]        ; 19.245 ; 19.245 ; 19.245 ; 19.245 ;
; A[0]       ; O[6]        ; 18.944 ; 18.944 ; 18.944 ; 18.944 ;
; A[0]       ; O[7]        ; 17.554 ; 17.554 ; 17.554 ; 17.554 ;
; A[1]       ; O[0]        ; 16.611 ; 16.611 ; 16.611 ; 16.611 ;
; A[1]       ; O[1]        ; 18.043 ; 18.043 ; 18.043 ; 18.043 ;
; A[1]       ; O[2]        ; 17.508 ; 17.508 ; 17.508 ; 17.508 ;
; A[1]       ; O[3]        ; 17.855 ; 17.855 ; 17.855 ; 17.855 ;
; A[1]       ; O[4]        ; 18.152 ; 18.152 ; 18.152 ; 18.152 ;
; A[1]       ; O[5]        ; 18.463 ; 18.463 ; 18.463 ; 18.463 ;
; A[1]       ; O[6]        ; 18.162 ; 18.162 ; 18.162 ; 18.162 ;
; A[1]       ; O[7]        ; 16.772 ; 16.772 ; 16.772 ; 16.772 ;
; A[2]       ; O[0]        ; 16.131 ; 16.131 ; 16.131 ; 16.131 ;
; A[2]       ; O[1]        ; 17.563 ; 17.563 ; 17.563 ; 17.563 ;
; A[2]       ; O[2]        ; 17.028 ; 17.028 ; 17.028 ; 17.028 ;
; A[2]       ; O[3]        ; 17.375 ; 17.375 ; 17.375 ; 17.375 ;
; A[2]       ; O[4]        ; 17.672 ; 17.672 ; 17.672 ; 17.672 ;
; A[2]       ; O[5]        ; 17.983 ; 17.983 ; 17.983 ; 17.983 ;
; A[2]       ; O[6]        ; 17.682 ; 17.682 ; 17.682 ; 17.682 ;
; A[2]       ; O[7]        ; 16.292 ; 16.292 ; 16.292 ; 16.292 ;
; A[3]       ; O[0]        ; 15.733 ; 15.733 ; 15.733 ; 15.733 ;
; A[3]       ; O[1]        ; 17.165 ; 17.165 ; 17.165 ; 17.165 ;
; A[3]       ; O[2]        ; 16.630 ; 16.630 ; 16.630 ; 16.630 ;
; A[3]       ; O[3]        ; 16.977 ; 16.977 ; 16.977 ; 16.977 ;
; A[3]       ; O[4]        ; 17.274 ; 17.274 ; 17.274 ; 17.274 ;
; A[3]       ; O[5]        ; 17.585 ; 17.585 ; 17.585 ; 17.585 ;
; A[3]       ; O[6]        ; 17.284 ; 17.284 ; 17.284 ; 17.284 ;
; A[3]       ; O[7]        ; 15.894 ; 15.894 ; 15.894 ; 15.894 ;
; A[4]       ; O[0]        ; 13.543 ; 13.543 ; 13.543 ; 13.543 ;
; A[4]       ; O[1]        ; 14.975 ; 14.975 ; 14.975 ; 14.975 ;
; A[4]       ; O[2]        ; 14.440 ; 14.440 ; 14.440 ; 14.440 ;
; A[4]       ; O[3]        ; 14.787 ; 14.787 ; 14.787 ; 14.787 ;
; A[4]       ; O[4]        ; 15.084 ; 15.084 ; 15.084 ; 15.084 ;
; A[4]       ; O[5]        ; 15.395 ; 15.395 ; 15.395 ; 15.395 ;
; A[4]       ; O[6]        ; 15.094 ; 15.094 ; 15.094 ; 15.094 ;
; A[4]       ; O[7]        ; 13.704 ; 13.704 ; 13.704 ; 13.704 ;
; A[5]       ; O[0]        ; 12.849 ; 12.849 ; 12.849 ; 12.849 ;
; A[5]       ; O[1]        ; 14.281 ; 14.281 ; 14.281 ; 14.281 ;
; A[5]       ; O[2]        ; 13.746 ; 13.746 ; 13.746 ; 13.746 ;
; A[5]       ; O[3]        ; 14.093 ; 14.093 ; 14.093 ; 14.093 ;
; A[5]       ; O[4]        ; 14.390 ; 14.390 ; 14.390 ; 14.390 ;
; A[5]       ; O[5]        ; 14.701 ; 14.701 ; 14.701 ; 14.701 ;
; A[5]       ; O[6]        ; 14.400 ; 14.400 ; 14.400 ; 14.400 ;
; A[5]       ; O[7]        ; 13.010 ; 13.010 ; 13.010 ; 13.010 ;
; A[6]       ; O[0]        ; 12.200 ; 12.200 ; 12.200 ; 12.200 ;
; A[6]       ; O[1]        ; 13.632 ; 13.632 ; 13.632 ; 13.632 ;
; A[6]       ; O[2]        ; 13.097 ; 13.097 ; 13.097 ; 13.097 ;
; A[6]       ; O[3]        ; 13.444 ; 13.444 ; 13.444 ; 13.444 ;
; A[6]       ; O[4]        ; 13.741 ; 13.741 ; 13.741 ; 13.741 ;
; A[6]       ; O[5]        ; 14.052 ; 14.052 ; 14.052 ; 14.052 ;
; A[6]       ; O[6]        ; 13.751 ; 13.751 ; 13.751 ; 13.751 ;
; A[6]       ; O[7]        ; 12.361 ; 12.361 ; 12.361 ; 12.361 ;
; A[7]       ; O[0]        ; 10.384 ; 10.384 ; 10.384 ; 10.384 ;
; A[7]       ; O[1]        ; 11.816 ; 11.816 ; 11.816 ; 11.816 ;
; A[7]       ; O[2]        ; 11.281 ; 11.281 ; 11.281 ; 11.281 ;
; A[7]       ; O[3]        ; 11.628 ; 11.628 ; 11.628 ; 11.628 ;
; A[7]       ; O[4]        ; 11.925 ; 11.925 ; 11.925 ; 11.925 ;
; A[7]       ; O[5]        ; 12.236 ; 12.236 ; 12.236 ; 12.236 ;
; A[7]       ; O[6]        ; 11.935 ; 11.935 ; 11.935 ; 11.935 ;
; A[7]       ; O[7]        ; 10.966 ; 10.966 ; 10.966 ; 10.966 ;
; AU2S[0]    ; O[0]        ; 14.476 ; 14.476 ; 14.476 ; 14.476 ;
; AU2S[0]    ; O[1]        ; 15.908 ; 15.908 ; 15.908 ; 15.908 ;
; AU2S[0]    ; O[2]        ; 15.373 ; 15.373 ; 15.373 ; 15.373 ;
; AU2S[0]    ; O[3]        ; 15.720 ; 15.720 ; 15.720 ; 15.720 ;
; AU2S[0]    ; O[4]        ; 16.017 ; 16.017 ; 16.017 ; 16.017 ;
; AU2S[0]    ; O[5]        ; 16.328 ; 16.328 ; 16.328 ; 16.328 ;
; AU2S[0]    ; O[6]        ; 16.027 ; 16.027 ; 16.027 ; 16.027 ;
; AU2S[0]    ; O[7]        ; 14.637 ; 14.637 ; 14.637 ; 14.637 ;
; AU2S[1]    ; O[0]        ; 14.259 ; 14.259 ; 14.259 ; 14.259 ;
; AU2S[1]    ; O[1]        ; 15.691 ; 15.691 ; 15.691 ; 15.691 ;
; AU2S[1]    ; O[2]        ; 15.156 ; 15.156 ; 15.156 ; 15.156 ;
; AU2S[1]    ; O[3]        ; 15.503 ; 15.503 ; 15.503 ; 15.503 ;
; AU2S[1]    ; O[4]        ; 15.800 ; 15.800 ; 15.800 ; 15.800 ;
; AU2S[1]    ; O[5]        ; 16.111 ; 16.111 ; 16.111 ; 16.111 ;
; AU2S[1]    ; O[6]        ; 15.810 ; 15.810 ; 15.810 ; 15.810 ;
; AU2S[1]    ; O[7]        ; 14.420 ; 14.420 ; 14.420 ; 14.420 ;
; B[0]       ; O[0]        ; 17.097 ; 17.097 ; 17.097 ; 17.097 ;
; B[0]       ; O[1]        ; 18.529 ; 18.529 ; 18.529 ; 18.529 ;
; B[0]       ; O[2]        ; 17.994 ; 17.994 ; 17.994 ; 17.994 ;
; B[0]       ; O[3]        ; 18.341 ; 18.341 ; 18.341 ; 18.341 ;
; B[0]       ; O[4]        ; 18.638 ; 18.638 ; 18.638 ; 18.638 ;
; B[0]       ; O[5]        ; 18.949 ; 18.949 ; 18.949 ; 18.949 ;
; B[0]       ; O[6]        ; 18.648 ; 18.648 ; 18.648 ; 18.648 ;
; B[0]       ; O[7]        ; 17.258 ; 17.258 ; 17.258 ; 17.258 ;
; B[1]       ; O[0]        ; 16.741 ; 16.741 ; 16.741 ; 16.741 ;
; B[1]       ; O[1]        ; 18.173 ; 18.173 ; 18.173 ; 18.173 ;
; B[1]       ; O[2]        ; 17.638 ; 17.638 ; 17.638 ; 17.638 ;
; B[1]       ; O[3]        ; 17.985 ; 17.985 ; 17.985 ; 17.985 ;
; B[1]       ; O[4]        ; 18.282 ; 18.282 ; 18.282 ; 18.282 ;
; B[1]       ; O[5]        ; 18.593 ; 18.593 ; 18.593 ; 18.593 ;
; B[1]       ; O[6]        ; 18.292 ; 18.292 ; 18.292 ; 18.292 ;
; B[1]       ; O[7]        ; 16.902 ; 16.902 ; 16.902 ; 16.902 ;
; B[2]       ; O[0]        ; 15.527 ; 15.527 ; 15.527 ; 15.527 ;
; B[2]       ; O[1]        ; 16.959 ; 16.959 ; 16.959 ; 16.959 ;
; B[2]       ; O[2]        ; 16.424 ; 16.424 ; 16.424 ; 16.424 ;
; B[2]       ; O[3]        ; 16.771 ; 16.771 ; 16.771 ; 16.771 ;
; B[2]       ; O[4]        ; 17.068 ; 17.068 ; 17.068 ; 17.068 ;
; B[2]       ; O[5]        ; 17.379 ; 17.379 ; 17.379 ; 17.379 ;
; B[2]       ; O[6]        ; 17.078 ; 17.078 ; 17.078 ; 17.078 ;
; B[2]       ; O[7]        ; 15.688 ; 15.688 ; 15.688 ; 15.688 ;
; B[3]       ; O[0]        ; 14.852 ; 14.852 ; 14.852 ; 14.852 ;
; B[3]       ; O[1]        ; 16.284 ; 16.284 ; 16.284 ; 16.284 ;
; B[3]       ; O[2]        ; 15.749 ; 15.749 ; 15.749 ; 15.749 ;
; B[3]       ; O[3]        ; 16.096 ; 16.096 ; 16.096 ; 16.096 ;
; B[3]       ; O[4]        ; 16.393 ; 16.393 ; 16.393 ; 16.393 ;
; B[3]       ; O[5]        ; 16.704 ; 16.704 ; 16.704 ; 16.704 ;
; B[3]       ; O[6]        ; 16.403 ; 16.403 ; 16.403 ; 16.403 ;
; B[3]       ; O[7]        ; 15.013 ; 15.013 ; 15.013 ; 15.013 ;
; B[4]       ; O[0]        ; 13.133 ; 13.133 ; 13.133 ; 13.133 ;
; B[4]       ; O[1]        ; 14.565 ; 14.565 ; 14.565 ; 14.565 ;
; B[4]       ; O[2]        ; 14.030 ; 14.030 ; 14.030 ; 14.030 ;
; B[4]       ; O[3]        ; 14.377 ; 14.377 ; 14.377 ; 14.377 ;
; B[4]       ; O[4]        ; 14.674 ; 14.674 ; 14.674 ; 14.674 ;
; B[4]       ; O[5]        ; 14.985 ; 14.985 ; 14.985 ; 14.985 ;
; B[4]       ; O[6]        ; 14.684 ; 14.684 ; 14.684 ; 14.684 ;
; B[4]       ; O[7]        ; 13.294 ; 13.294 ; 13.294 ; 13.294 ;
; B[5]       ; O[0]        ; 12.608 ; 12.608 ; 12.608 ; 12.608 ;
; B[5]       ; O[1]        ; 14.040 ; 14.040 ; 14.040 ; 14.040 ;
; B[5]       ; O[2]        ; 13.505 ; 13.505 ; 13.505 ; 13.505 ;
; B[5]       ; O[3]        ; 13.852 ; 13.852 ; 13.852 ; 13.852 ;
; B[5]       ; O[4]        ; 14.149 ; 14.149 ; 14.149 ; 14.149 ;
; B[5]       ; O[5]        ; 14.460 ; 14.460 ; 14.460 ; 14.460 ;
; B[5]       ; O[6]        ; 14.159 ; 14.159 ; 14.159 ; 14.159 ;
; B[5]       ; O[7]        ; 12.769 ; 12.769 ; 12.769 ; 12.769 ;
; B[6]       ; O[0]        ; 11.925 ; 11.925 ; 11.925 ; 11.925 ;
; B[6]       ; O[1]        ; 13.357 ; 13.357 ; 13.357 ; 13.357 ;
; B[6]       ; O[2]        ; 12.822 ; 12.822 ; 12.822 ; 12.822 ;
; B[6]       ; O[3]        ; 13.169 ; 13.169 ; 13.169 ; 13.169 ;
; B[6]       ; O[4]        ; 13.466 ; 13.466 ; 13.466 ; 13.466 ;
; B[6]       ; O[5]        ; 13.777 ; 13.777 ; 13.777 ; 13.777 ;
; B[6]       ; O[6]        ; 13.476 ; 13.476 ; 13.476 ; 13.476 ;
; B[6]       ; O[7]        ; 12.086 ; 12.086 ; 12.086 ; 12.086 ;
; B[7]       ; O[0]        ; 10.313 ; 10.313 ; 10.313 ; 10.313 ;
; B[7]       ; O[1]        ; 11.745 ; 11.745 ; 11.745 ; 11.745 ;
; B[7]       ; O[2]        ; 11.210 ; 11.210 ; 11.210 ; 11.210 ;
; B[7]       ; O[3]        ; 11.557 ; 11.557 ; 11.557 ; 11.557 ;
; B[7]       ; O[4]        ; 11.854 ; 11.854 ; 11.854 ; 11.854 ;
; B[7]       ; O[5]        ; 12.165 ; 12.165 ; 12.165 ; 12.165 ;
; B[7]       ; O[6]        ; 11.864 ; 11.864 ; 11.864 ; 11.864 ;
; B[7]       ; O[7]        ; 10.895 ; 10.895 ; 10.895 ; 10.895 ;
+------------+-------------+--------+--------+--------+--------+


+--------------------------------------------------------------+
; Minimum Propagation Delay                                    ;
+------------+-------------+--------+--------+--------+--------+
; Input Port ; Output Port ; RR     ; RF     ; FR     ; FF     ;
+------------+-------------+--------+--------+--------+--------+
; A[0]       ; O[0]        ; 10.193 ; 10.193 ; 10.193 ; 10.193 ;
; A[0]       ; O[1]        ; 12.309 ; 12.309 ; 12.309 ; 12.309 ;
; A[0]       ; O[2]        ; 12.384 ; 12.384 ; 12.384 ; 12.384 ;
; A[0]       ; O[3]        ; 13.825 ; 13.825 ; 13.825 ; 13.825 ;
; A[0]       ; O[4]        ; 14.303 ; 14.303 ; 14.303 ; 14.303 ;
; A[0]       ; O[5]        ; 16.006 ; 16.006 ; 16.006 ; 16.006 ;
; A[0]       ; O[6]        ; 15.613 ; 15.613 ; 15.613 ; 15.613 ;
; A[0]       ; O[7]        ; 17.404 ; 17.404 ; 17.404 ; 17.404 ;
; A[1]       ; O[0]        ; 16.611 ; 16.611 ; 16.611 ; 16.611 ;
; A[1]       ; O[1]        ; 11.032 ; 11.526 ; 11.526 ; 11.032 ;
; A[1]       ; O[2]        ; 11.602 ; 11.602 ; 11.602 ; 11.602 ;
; A[1]       ; O[3]        ; 13.043 ; 13.043 ; 13.043 ; 13.043 ;
; A[1]       ; O[4]        ; 13.521 ; 13.521 ; 13.521 ; 13.521 ;
; A[1]       ; O[5]        ; 15.224 ; 15.224 ; 15.224 ; 15.224 ;
; A[1]       ; O[6]        ; 14.831 ; 14.831 ; 14.831 ; 14.831 ;
; A[1]       ; O[7]        ; 16.622 ; 16.622 ; 16.622 ; 16.622 ;
; A[2]       ; O[0]        ; 16.131 ; 16.131 ; 16.131 ; 16.131 ;
; A[2]       ; O[1]        ; 17.563 ; 17.563 ; 17.563 ; 17.563 ;
; A[2]       ; O[2]        ; 10.573 ; 11.547 ; 11.547 ; 10.573 ;
; A[2]       ; O[3]        ; 12.563 ; 12.563 ; 12.563 ; 12.563 ;
; A[2]       ; O[4]        ; 13.041 ; 13.041 ; 13.041 ; 13.041 ;
; A[2]       ; O[5]        ; 14.744 ; 14.744 ; 14.744 ; 14.744 ;
; A[2]       ; O[6]        ; 14.351 ; 14.351 ; 14.351 ; 14.351 ;
; A[2]       ; O[7]        ; 16.142 ; 16.142 ; 16.142 ; 16.142 ;
; A[3]       ; O[0]        ; 15.733 ; 15.733 ; 15.733 ; 15.733 ;
; A[3]       ; O[1]        ; 17.165 ; 17.165 ; 17.165 ; 17.165 ;
; A[3]       ; O[2]        ; 16.630 ; 16.630 ; 16.630 ; 16.630 ;
; A[3]       ; O[3]        ; 11.081 ; 12.163 ; 12.163 ; 11.081 ;
; A[3]       ; O[4]        ; 12.643 ; 12.643 ; 12.643 ; 12.643 ;
; A[3]       ; O[5]        ; 14.346 ; 14.346 ; 14.346 ; 14.346 ;
; A[3]       ; O[6]        ; 13.953 ; 13.953 ; 13.953 ; 13.953 ;
; A[3]       ; O[7]        ; 15.744 ; 15.744 ; 15.744 ; 15.744 ;
; A[4]       ; O[0]        ; 13.543 ; 13.543 ; 13.543 ; 13.543 ;
; A[4]       ; O[1]        ; 14.975 ; 14.975 ; 14.975 ; 14.975 ;
; A[4]       ; O[2]        ; 14.440 ; 14.440 ; 14.440 ; 14.440 ;
; A[4]       ; O[3]        ; 14.787 ; 14.787 ; 14.787 ; 14.787 ;
; A[4]       ; O[4]        ; 10.067 ; 11.039 ; 11.039 ; 10.067 ;
; A[4]       ; O[5]        ; 12.156 ; 12.156 ; 12.156 ; 12.156 ;
; A[4]       ; O[6]        ; 11.763 ; 11.763 ; 11.763 ; 11.763 ;
; A[4]       ; O[7]        ; 13.554 ; 13.554 ; 13.554 ; 13.554 ;
; A[5]       ; O[0]        ; 12.849 ; 12.849 ; 12.849 ; 12.849 ;
; A[5]       ; O[1]        ; 14.281 ; 14.281 ; 14.281 ; 14.281 ;
; A[5]       ; O[2]        ; 13.746 ; 13.746 ; 13.746 ; 13.746 ;
; A[5]       ; O[3]        ; 14.093 ; 14.093 ; 14.093 ; 14.093 ;
; A[5]       ; O[4]        ; 14.390 ; 14.390 ; 14.390 ; 14.390 ;
; A[5]       ; O[5]        ; 10.226 ; 11.466 ; 11.466 ; 10.226 ;
; A[5]       ; O[6]        ; 11.069 ; 11.069 ; 11.069 ; 11.069 ;
; A[5]       ; O[7]        ; 12.860 ; 12.860 ; 12.860 ; 12.860 ;
; A[6]       ; O[0]        ; 12.200 ; 12.200 ; 12.200 ; 12.200 ;
; A[6]       ; O[1]        ; 13.632 ; 13.632 ; 13.632 ; 13.632 ;
; A[6]       ; O[2]        ; 13.097 ; 13.097 ; 13.097 ; 13.097 ;
; A[6]       ; O[3]        ; 13.444 ; 13.444 ; 13.444 ; 13.444 ;
; A[6]       ; O[4]        ; 13.741 ; 13.741 ; 13.741 ; 13.741 ;
; A[6]       ; O[5]        ; 14.052 ; 14.052 ; 14.052 ; 14.052 ;
; A[6]       ; O[6]        ; 10.261 ; 11.149 ; 11.149 ; 10.261 ;
; A[6]       ; O[7]        ; 12.211 ; 12.211 ; 12.211 ; 12.211 ;
; A[7]       ; O[0]        ; 10.384 ; 10.384 ; 10.384 ; 10.384 ;
; A[7]       ; O[1]        ; 11.816 ; 11.816 ; 11.816 ; 11.816 ;
; A[7]       ; O[2]        ; 11.281 ; 11.281 ; 11.281 ; 11.281 ;
; A[7]       ; O[3]        ; 11.628 ; 11.628 ; 11.628 ; 11.628 ;
; A[7]       ; O[4]        ; 11.925 ; 11.925 ; 11.925 ; 11.925 ;
; A[7]       ; O[5]        ; 12.236 ; 12.236 ; 12.236 ; 12.236 ;
; A[7]       ; O[6]        ; 11.935 ; 11.935 ; 11.935 ; 11.935 ;
; A[7]       ; O[7]        ; 10.291 ; 10.395 ; 10.395 ; 10.291 ;
; AU2S[0]    ; O[0]        ; 7.016  ; 7.016  ; 7.016  ; 7.016  ;
; AU2S[0]    ; O[1]        ; 7.733  ; 7.733  ; 7.733  ; 7.733  ;
; AU2S[0]    ; O[2]        ; 7.913  ; 7.913  ; 7.913  ; 7.913  ;
; AU2S[0]    ; O[3]        ; 7.822  ; 7.822  ; 7.822  ; 7.822  ;
; AU2S[0]    ; O[4]        ; 7.794  ; 7.794  ; 7.794  ; 7.794  ;
; AU2S[0]    ; O[5]        ; 7.577  ; 7.577  ; 7.577  ; 7.577  ;
; AU2S[0]    ; O[6]        ; 8.149  ; 8.149  ; 8.149  ; 8.149  ;
; AU2S[0]    ; O[7]        ; 7.027  ; 7.027  ; 7.027  ; 7.027  ;
; AU2S[1]    ; O[0]        ; 6.798  ; 6.798  ; 6.798  ; 6.798  ;
; AU2S[1]    ; O[1]        ; 7.625  ; 7.625  ; 7.625  ; 7.625  ;
; AU2S[1]    ; O[2]        ; 7.695  ; 7.695  ; 7.695  ; 7.695  ;
; AU2S[1]    ; O[3]        ; 7.722  ; 7.722  ; 7.722  ; 7.722  ;
; AU2S[1]    ; O[4]        ; 7.571  ; 7.571  ; 7.571  ; 7.571  ;
; AU2S[1]    ; O[5]        ; 7.352  ; 7.352  ; 7.352  ; 7.352  ;
; AU2S[1]    ; O[6]        ; 7.931  ; 7.931  ; 7.931  ; 7.931  ;
; AU2S[1]    ; O[7]        ; 6.809  ; 6.809  ; 6.809  ; 6.809  ;
; B[0]       ; O[0]        ; 9.530  ; 9.896  ; 9.896  ; 9.530  ;
; B[0]       ; O[1]        ; 12.013 ; 12.013 ; 12.013 ; 12.013 ;
; B[0]       ; O[2]        ; 12.088 ; 12.088 ; 12.088 ; 12.088 ;
; B[0]       ; O[3]        ; 13.529 ; 13.529 ; 13.529 ; 13.529 ;
; B[0]       ; O[4]        ; 14.007 ; 14.007 ; 14.007 ; 14.007 ;
; B[0]       ; O[5]        ; 15.710 ; 15.710 ; 15.710 ; 15.710 ;
; B[0]       ; O[6]        ; 15.317 ; 15.317 ; 15.317 ; 15.317 ;
; B[0]       ; O[7]        ; 17.108 ; 17.108 ; 17.108 ; 17.108 ;
; B[1]       ; O[0]        ; 16.741 ; 16.741 ; 16.741 ; 16.741 ;
; B[1]       ; O[1]        ; 10.869 ; 11.656 ; 11.656 ; 10.869 ;
; B[1]       ; O[2]        ; 11.732 ; 11.732 ; 11.732 ; 11.732 ;
; B[1]       ; O[3]        ; 13.173 ; 13.173 ; 13.173 ; 13.173 ;
; B[1]       ; O[4]        ; 13.651 ; 13.651 ; 13.651 ; 13.651 ;
; B[1]       ; O[5]        ; 15.354 ; 15.354 ; 15.354 ; 15.354 ;
; B[1]       ; O[6]        ; 14.961 ; 14.961 ; 14.961 ; 14.961 ;
; B[1]       ; O[7]        ; 16.752 ; 16.752 ; 16.752 ; 16.752 ;
; B[2]       ; O[0]        ; 15.527 ; 15.527 ; 15.527 ; 15.527 ;
; B[2]       ; O[1]        ; 16.959 ; 16.959 ; 16.959 ; 16.959 ;
; B[2]       ; O[2]        ; 9.829  ; 11.188 ; 11.188 ; 9.829  ;
; B[2]       ; O[3]        ; 11.959 ; 11.959 ; 11.959 ; 11.959 ;
; B[2]       ; O[4]        ; 12.437 ; 12.437 ; 12.437 ; 12.437 ;
; B[2]       ; O[5]        ; 14.140 ; 14.140 ; 14.140 ; 14.140 ;
; B[2]       ; O[6]        ; 13.747 ; 13.747 ; 13.747 ; 13.747 ;
; B[2]       ; O[7]        ; 15.538 ; 15.538 ; 15.538 ; 15.538 ;
; B[3]       ; O[0]        ; 14.852 ; 14.852 ; 14.852 ; 14.852 ;
; B[3]       ; O[1]        ; 16.284 ; 16.284 ; 16.284 ; 16.284 ;
; B[3]       ; O[2]        ; 15.749 ; 15.749 ; 15.749 ; 15.749 ;
; B[3]       ; O[3]        ; 10.204 ; 11.284 ; 11.284 ; 10.204 ;
; B[3]       ; O[4]        ; 11.762 ; 11.762 ; 11.762 ; 11.762 ;
; B[3]       ; O[5]        ; 13.465 ; 13.465 ; 13.465 ; 13.465 ;
; B[3]       ; O[6]        ; 13.072 ; 13.072 ; 13.072 ; 13.072 ;
; B[3]       ; O[7]        ; 14.863 ; 14.863 ; 14.863 ; 14.863 ;
; B[4]       ; O[0]        ; 13.133 ; 13.133 ; 13.133 ; 13.133 ;
; B[4]       ; O[1]        ; 14.565 ; 14.565 ; 14.565 ; 14.565 ;
; B[4]       ; O[2]        ; 14.030 ; 14.030 ; 14.030 ; 14.030 ;
; B[4]       ; O[3]        ; 14.377 ; 14.377 ; 14.377 ; 14.377 ;
; B[4]       ; O[4]        ; 9.796  ; 10.546 ; 10.546 ; 9.796  ;
; B[4]       ; O[5]        ; 11.746 ; 11.746 ; 11.746 ; 11.746 ;
; B[4]       ; O[6]        ; 11.353 ; 11.353 ; 11.353 ; 11.353 ;
; B[4]       ; O[7]        ; 13.144 ; 13.144 ; 13.144 ; 13.144 ;
; B[5]       ; O[0]        ; 12.608 ; 12.608 ; 12.608 ; 12.608 ;
; B[5]       ; O[1]        ; 14.040 ; 14.040 ; 14.040 ; 14.040 ;
; B[5]       ; O[2]        ; 13.505 ; 13.505 ; 13.505 ; 13.505 ;
; B[5]       ; O[3]        ; 13.852 ; 13.852 ; 13.852 ; 13.852 ;
; B[5]       ; O[4]        ; 14.149 ; 14.149 ; 14.149 ; 14.149 ;
; B[5]       ; O[5]        ; 9.988  ; 11.220 ; 11.220 ; 9.988  ;
; B[5]       ; O[6]        ; 10.828 ; 10.828 ; 10.828 ; 10.828 ;
; B[5]       ; O[7]        ; 12.619 ; 12.619 ; 12.619 ; 12.619 ;
; B[6]       ; O[0]        ; 11.925 ; 11.925 ; 11.925 ; 11.925 ;
; B[6]       ; O[1]        ; 13.357 ; 13.357 ; 13.357 ; 13.357 ;
; B[6]       ; O[2]        ; 12.822 ; 12.822 ; 12.822 ; 12.822 ;
; B[6]       ; O[3]        ; 13.169 ; 13.169 ; 13.169 ; 13.169 ;
; B[6]       ; O[4]        ; 13.466 ; 13.466 ; 13.466 ; 13.466 ;
; B[6]       ; O[5]        ; 13.777 ; 13.777 ; 13.777 ; 13.777 ;
; B[6]       ; O[6]        ; 9.416  ; 10.803 ; 10.803 ; 9.416  ;
; B[6]       ; O[7]        ; 11.936 ; 11.936 ; 11.936 ; 11.936 ;
; B[7]       ; O[0]        ; 10.313 ; 10.313 ; 10.313 ; 10.313 ;
; B[7]       ; O[1]        ; 11.745 ; 11.745 ; 11.745 ; 11.745 ;
; B[7]       ; O[2]        ; 11.210 ; 11.210 ; 11.210 ; 11.210 ;
; B[7]       ; O[3]        ; 11.557 ; 11.557 ; 11.557 ; 11.557 ;
; B[7]       ; O[4]        ; 11.854 ; 11.854 ; 11.854 ; 11.854 ;
; B[7]       ; O[5]        ; 12.165 ; 12.165 ; 12.165 ; 12.165 ;
; B[7]       ; O[6]        ; 11.864 ; 11.864 ; 11.864 ; 11.864 ;
; B[7]       ; O[7]        ; 9.514  ; 10.324 ; 10.324 ; 9.514  ;
+------------+-------------+--------+--------+--------+--------+


----------------------------
; Fast Model Setup Summary ;
----------------------------
No paths to report.


---------------------------
; Fast Model Hold Summary ;
---------------------------
No paths to report.


-------------------------------
; Fast Model Recovery Summary ;
-------------------------------
No paths to report.


------------------------------
; Fast Model Removal Summary ;
------------------------------
No paths to report.


------------------------------------------
; Fast Model Minimum Pulse Width Summary ;
------------------------------------------
No paths to report.


+----------------------------------------------------------+
; Propagation Delay                                        ;
+------------+-------------+-------+-------+-------+-------+
; Input Port ; Output Port ; RR    ; RF    ; FR    ; FF    ;
+------------+-------------+-------+-------+-------+-------+
; A[0]       ; O[0]        ; 8.775 ; 8.775 ; 8.775 ; 8.775 ;
; A[0]       ; O[1]        ; 9.437 ; 9.437 ; 9.437 ; 9.437 ;
; A[0]       ; O[2]        ; 9.176 ; 9.176 ; 9.176 ; 9.176 ;
; A[0]       ; O[3]        ; 9.304 ; 9.304 ; 9.304 ; 9.304 ;
; A[0]       ; O[4]        ; 9.418 ; 9.418 ; 9.418 ; 9.418 ;
; A[0]       ; O[5]        ; 9.562 ; 9.562 ; 9.562 ; 9.562 ;
; A[0]       ; O[6]        ; 9.445 ; 9.445 ; 9.445 ; 9.445 ;
; A[0]       ; O[7]        ; 8.835 ; 8.835 ; 8.835 ; 8.835 ;
; A[1]       ; O[0]        ; 8.466 ; 8.466 ; 8.466 ; 8.466 ;
; A[1]       ; O[1]        ; 9.128 ; 9.128 ; 9.128 ; 9.128 ;
; A[1]       ; O[2]        ; 8.867 ; 8.867 ; 8.867 ; 8.867 ;
; A[1]       ; O[3]        ; 8.995 ; 8.995 ; 8.995 ; 8.995 ;
; A[1]       ; O[4]        ; 9.109 ; 9.109 ; 9.109 ; 9.109 ;
; A[1]       ; O[5]        ; 9.253 ; 9.253 ; 9.253 ; 9.253 ;
; A[1]       ; O[6]        ; 9.136 ; 9.136 ; 9.136 ; 9.136 ;
; A[1]       ; O[7]        ; 8.526 ; 8.526 ; 8.526 ; 8.526 ;
; A[2]       ; O[0]        ; 8.231 ; 8.231 ; 8.231 ; 8.231 ;
; A[2]       ; O[1]        ; 8.893 ; 8.893 ; 8.893 ; 8.893 ;
; A[2]       ; O[2]        ; 8.632 ; 8.632 ; 8.632 ; 8.632 ;
; A[2]       ; O[3]        ; 8.760 ; 8.760 ; 8.760 ; 8.760 ;
; A[2]       ; O[4]        ; 8.874 ; 8.874 ; 8.874 ; 8.874 ;
; A[2]       ; O[5]        ; 9.018 ; 9.018 ; 9.018 ; 9.018 ;
; A[2]       ; O[6]        ; 8.901 ; 8.901 ; 8.901 ; 8.901 ;
; A[2]       ; O[7]        ; 8.291 ; 8.291 ; 8.291 ; 8.291 ;
; A[3]       ; O[0]        ; 8.053 ; 8.053 ; 8.053 ; 8.053 ;
; A[3]       ; O[1]        ; 8.715 ; 8.715 ; 8.715 ; 8.715 ;
; A[3]       ; O[2]        ; 8.454 ; 8.454 ; 8.454 ; 8.454 ;
; A[3]       ; O[3]        ; 8.582 ; 8.582 ; 8.582 ; 8.582 ;
; A[3]       ; O[4]        ; 8.696 ; 8.696 ; 8.696 ; 8.696 ;
; A[3]       ; O[5]        ; 8.840 ; 8.840 ; 8.840 ; 8.840 ;
; A[3]       ; O[6]        ; 8.723 ; 8.723 ; 8.723 ; 8.723 ;
; A[3]       ; O[7]        ; 8.113 ; 8.113 ; 8.113 ; 8.113 ;
; A[4]       ; O[0]        ; 7.124 ; 7.124 ; 7.124 ; 7.124 ;
; A[4]       ; O[1]        ; 7.786 ; 7.786 ; 7.786 ; 7.786 ;
; A[4]       ; O[2]        ; 7.525 ; 7.525 ; 7.525 ; 7.525 ;
; A[4]       ; O[3]        ; 7.653 ; 7.653 ; 7.653 ; 7.653 ;
; A[4]       ; O[4]        ; 7.767 ; 7.767 ; 7.767 ; 7.767 ;
; A[4]       ; O[5]        ; 7.911 ; 7.911 ; 7.911 ; 7.911 ;
; A[4]       ; O[6]        ; 7.794 ; 7.794 ; 7.794 ; 7.794 ;
; A[4]       ; O[7]        ; 7.184 ; 7.184 ; 7.184 ; 7.184 ;
; A[5]       ; O[0]        ; 6.798 ; 6.798 ; 6.798 ; 6.798 ;
; A[5]       ; O[1]        ; 7.460 ; 7.460 ; 7.460 ; 7.460 ;
; A[5]       ; O[2]        ; 7.199 ; 7.199 ; 7.199 ; 7.199 ;
; A[5]       ; O[3]        ; 7.327 ; 7.327 ; 7.327 ; 7.327 ;
; A[5]       ; O[4]        ; 7.441 ; 7.441 ; 7.441 ; 7.441 ;
; A[5]       ; O[5]        ; 7.585 ; 7.585 ; 7.585 ; 7.585 ;
; A[5]       ; O[6]        ; 7.468 ; 7.468 ; 7.468 ; 7.468 ;
; A[5]       ; O[7]        ; 6.858 ; 6.858 ; 6.858 ; 6.858 ;
; A[6]       ; O[0]        ; 6.522 ; 6.522 ; 6.522 ; 6.522 ;
; A[6]       ; O[1]        ; 7.184 ; 7.184 ; 7.184 ; 7.184 ;
; A[6]       ; O[2]        ; 6.923 ; 6.923 ; 6.923 ; 6.923 ;
; A[6]       ; O[3]        ; 7.051 ; 7.051 ; 7.051 ; 7.051 ;
; A[6]       ; O[4]        ; 7.165 ; 7.165 ; 7.165 ; 7.165 ;
; A[6]       ; O[5]        ; 7.309 ; 7.309 ; 7.309 ; 7.309 ;
; A[6]       ; O[6]        ; 7.192 ; 7.192 ; 7.192 ; 7.192 ;
; A[6]       ; O[7]        ; 6.582 ; 6.582 ; 6.582 ; 6.582 ;
; A[7]       ; O[0]        ; 5.766 ; 5.766 ; 5.766 ; 5.766 ;
; A[7]       ; O[1]        ; 6.428 ; 6.428 ; 6.428 ; 6.428 ;
; A[7]       ; O[2]        ; 6.167 ; 6.167 ; 6.167 ; 6.167 ;
; A[7]       ; O[3]        ; 6.295 ; 6.295 ; 6.295 ; 6.295 ;
; A[7]       ; O[4]        ; 6.409 ; 6.409 ; 6.409 ; 6.409 ;
; A[7]       ; O[5]        ; 6.553 ; 6.553 ; 6.553 ; 6.553 ;
; A[7]       ; O[6]        ; 6.436 ; 6.436 ; 6.436 ; 6.436 ;
; A[7]       ; O[7]        ; 6.027 ; 6.027 ; 6.027 ; 6.027 ;
; AU2S[0]    ; O[0]        ; 6.902 ; 6.902 ; 6.902 ; 6.902 ;
; AU2S[0]    ; O[1]        ; 7.564 ; 7.564 ; 7.564 ; 7.564 ;
; AU2S[0]    ; O[2]        ; 7.303 ; 7.303 ; 7.303 ; 7.303 ;
; AU2S[0]    ; O[3]        ; 7.431 ; 7.431 ; 7.431 ; 7.431 ;
; AU2S[0]    ; O[4]        ; 7.545 ; 7.545 ; 7.545 ; 7.545 ;
; AU2S[0]    ; O[5]        ; 7.689 ; 7.689 ; 7.689 ; 7.689 ;
; AU2S[0]    ; O[6]        ; 7.572 ; 7.572 ; 7.572 ; 7.572 ;
; AU2S[0]    ; O[7]        ; 6.962 ; 6.962 ; 6.962 ; 6.962 ;
; AU2S[1]    ; O[0]        ; 6.766 ; 6.766 ; 6.766 ; 6.766 ;
; AU2S[1]    ; O[1]        ; 7.428 ; 7.428 ; 7.428 ; 7.428 ;
; AU2S[1]    ; O[2]        ; 7.167 ; 7.167 ; 7.167 ; 7.167 ;
; AU2S[1]    ; O[3]        ; 7.295 ; 7.295 ; 7.295 ; 7.295 ;
; AU2S[1]    ; O[4]        ; 7.409 ; 7.409 ; 7.409 ; 7.409 ;
; AU2S[1]    ; O[5]        ; 7.553 ; 7.553 ; 7.553 ; 7.553 ;
; AU2S[1]    ; O[6]        ; 7.436 ; 7.436 ; 7.436 ; 7.436 ;
; AU2S[1]    ; O[7]        ; 6.826 ; 6.826 ; 6.826 ; 6.826 ;
; B[0]       ; O[0]        ; 8.629 ; 8.629 ; 8.629 ; 8.629 ;
; B[0]       ; O[1]        ; 9.291 ; 9.291 ; 9.291 ; 9.291 ;
; B[0]       ; O[2]        ; 9.030 ; 9.030 ; 9.030 ; 9.030 ;
; B[0]       ; O[3]        ; 9.158 ; 9.158 ; 9.158 ; 9.158 ;
; B[0]       ; O[4]        ; 9.272 ; 9.272 ; 9.272 ; 9.272 ;
; B[0]       ; O[5]        ; 9.416 ; 9.416 ; 9.416 ; 9.416 ;
; B[0]       ; O[6]        ; 9.299 ; 9.299 ; 9.299 ; 9.299 ;
; B[0]       ; O[7]        ; 8.689 ; 8.689 ; 8.689 ; 8.689 ;
; B[1]       ; O[0]        ; 8.484 ; 8.484 ; 8.484 ; 8.484 ;
; B[1]       ; O[1]        ; 9.146 ; 9.146 ; 9.146 ; 9.146 ;
; B[1]       ; O[2]        ; 8.885 ; 8.885 ; 8.885 ; 8.885 ;
; B[1]       ; O[3]        ; 9.013 ; 9.013 ; 9.013 ; 9.013 ;
; B[1]       ; O[4]        ; 9.127 ; 9.127 ; 9.127 ; 9.127 ;
; B[1]       ; O[5]        ; 9.271 ; 9.271 ; 9.271 ; 9.271 ;
; B[1]       ; O[6]        ; 9.154 ; 9.154 ; 9.154 ; 9.154 ;
; B[1]       ; O[7]        ; 8.544 ; 8.544 ; 8.544 ; 8.544 ;
; B[2]       ; O[0]        ; 8.002 ; 8.002 ; 8.002 ; 8.002 ;
; B[2]       ; O[1]        ; 8.664 ; 8.664 ; 8.664 ; 8.664 ;
; B[2]       ; O[2]        ; 8.403 ; 8.403 ; 8.403 ; 8.403 ;
; B[2]       ; O[3]        ; 8.531 ; 8.531 ; 8.531 ; 8.531 ;
; B[2]       ; O[4]        ; 8.645 ; 8.645 ; 8.645 ; 8.645 ;
; B[2]       ; O[5]        ; 8.789 ; 8.789 ; 8.789 ; 8.789 ;
; B[2]       ; O[6]        ; 8.672 ; 8.672 ; 8.672 ; 8.672 ;
; B[2]       ; O[7]        ; 8.062 ; 8.062 ; 8.062 ; 8.062 ;
; B[3]       ; O[0]        ; 7.695 ; 7.695 ; 7.695 ; 7.695 ;
; B[3]       ; O[1]        ; 8.357 ; 8.357 ; 8.357 ; 8.357 ;
; B[3]       ; O[2]        ; 8.096 ; 8.096 ; 8.096 ; 8.096 ;
; B[3]       ; O[3]        ; 8.224 ; 8.224 ; 8.224 ; 8.224 ;
; B[3]       ; O[4]        ; 8.338 ; 8.338 ; 8.338 ; 8.338 ;
; B[3]       ; O[5]        ; 8.482 ; 8.482 ; 8.482 ; 8.482 ;
; B[3]       ; O[6]        ; 8.365 ; 8.365 ; 8.365 ; 8.365 ;
; B[3]       ; O[7]        ; 7.755 ; 7.755 ; 7.755 ; 7.755 ;
; B[4]       ; O[0]        ; 6.924 ; 6.924 ; 6.924 ; 6.924 ;
; B[4]       ; O[1]        ; 7.586 ; 7.586 ; 7.586 ; 7.586 ;
; B[4]       ; O[2]        ; 7.325 ; 7.325 ; 7.325 ; 7.325 ;
; B[4]       ; O[3]        ; 7.453 ; 7.453 ; 7.453 ; 7.453 ;
; B[4]       ; O[4]        ; 7.567 ; 7.567 ; 7.567 ; 7.567 ;
; B[4]       ; O[5]        ; 7.711 ; 7.711 ; 7.711 ; 7.711 ;
; B[4]       ; O[6]        ; 7.594 ; 7.594 ; 7.594 ; 7.594 ;
; B[4]       ; O[7]        ; 6.984 ; 6.984 ; 6.984 ; 6.984 ;
; B[5]       ; O[0]        ; 6.681 ; 6.681 ; 6.681 ; 6.681 ;
; B[5]       ; O[1]        ; 7.343 ; 7.343 ; 7.343 ; 7.343 ;
; B[5]       ; O[2]        ; 7.082 ; 7.082 ; 7.082 ; 7.082 ;
; B[5]       ; O[3]        ; 7.210 ; 7.210 ; 7.210 ; 7.210 ;
; B[5]       ; O[4]        ; 7.324 ; 7.324 ; 7.324 ; 7.324 ;
; B[5]       ; O[5]        ; 7.468 ; 7.468 ; 7.468 ; 7.468 ;
; B[5]       ; O[6]        ; 7.351 ; 7.351 ; 7.351 ; 7.351 ;
; B[5]       ; O[7]        ; 6.741 ; 6.741 ; 6.741 ; 6.741 ;
; B[6]       ; O[0]        ; 6.401 ; 6.401 ; 6.401 ; 6.401 ;
; B[6]       ; O[1]        ; 7.063 ; 7.063 ; 7.063 ; 7.063 ;
; B[6]       ; O[2]        ; 6.802 ; 6.802 ; 6.802 ; 6.802 ;
; B[6]       ; O[3]        ; 6.930 ; 6.930 ; 6.930 ; 6.930 ;
; B[6]       ; O[4]        ; 7.044 ; 7.044 ; 7.044 ; 7.044 ;
; B[6]       ; O[5]        ; 7.188 ; 7.188 ; 7.188 ; 7.188 ;
; B[6]       ; O[6]        ; 7.071 ; 7.071 ; 7.071 ; 7.071 ;
; B[6]       ; O[7]        ; 6.461 ; 6.461 ; 6.461 ; 6.461 ;
; B[7]       ; O[0]        ; 5.653 ; 5.653 ; 5.653 ; 5.653 ;
; B[7]       ; O[1]        ; 6.315 ; 6.315 ; 6.315 ; 6.315 ;
; B[7]       ; O[2]        ; 6.054 ; 6.054 ; 6.054 ; 6.054 ;
; B[7]       ; O[3]        ; 6.182 ; 6.182 ; 6.182 ; 6.182 ;
; B[7]       ; O[4]        ; 6.296 ; 6.296 ; 6.296 ; 6.296 ;
; B[7]       ; O[5]        ; 6.440 ; 6.440 ; 6.440 ; 6.440 ;
; B[7]       ; O[6]        ; 6.323 ; 6.323 ; 6.323 ; 6.323 ;
; B[7]       ; O[7]        ; 5.914 ; 5.914 ; 5.914 ; 5.914 ;
+------------+-------------+-------+-------+-------+-------+


+----------------------------------------------------------+
; Minimum Propagation Delay                                ;
+------------+-------------+-------+-------+-------+-------+
; Input Port ; Output Port ; RR    ; RF    ; FR    ; FF    ;
+------------+-------------+-------+-------+-------+-------+
; A[0]       ; O[0]        ; 5.616 ; 5.616 ; 5.616 ; 5.616 ;
; A[0]       ; O[1]        ; 6.576 ; 6.576 ; 6.576 ; 6.576 ;
; A[0]       ; O[2]        ; 6.578 ; 6.578 ; 6.578 ; 6.578 ;
; A[0]       ; O[3]        ; 7.157 ; 7.157 ; 7.157 ; 7.157 ;
; A[0]       ; O[4]        ; 7.348 ; 7.348 ; 7.348 ; 7.348 ;
; A[0]       ; O[5]        ; 8.079 ; 8.079 ; 8.079 ; 8.079 ;
; A[0]       ; O[6]        ; 7.922 ; 7.922 ; 7.922 ; 7.922 ;
; A[0]       ; O[7]        ; 8.785 ; 8.785 ; 8.785 ; 8.785 ;
; A[1]       ; O[0]        ; 8.466 ; 8.466 ; 8.466 ; 8.466 ;
; A[1]       ; O[1]        ; 6.061 ; 6.269 ; 6.269 ; 6.061 ;
; A[1]       ; O[2]        ; 6.269 ; 6.269 ; 6.269 ; 6.269 ;
; A[1]       ; O[3]        ; 6.848 ; 6.848 ; 6.848 ; 6.848 ;
; A[1]       ; O[4]        ; 7.039 ; 7.039 ; 7.039 ; 7.039 ;
; A[1]       ; O[5]        ; 7.770 ; 7.770 ; 7.770 ; 7.770 ;
; A[1]       ; O[6]        ; 7.613 ; 7.613 ; 7.613 ; 7.613 ;
; A[1]       ; O[7]        ; 8.476 ; 8.476 ; 8.476 ; 8.476 ;
; A[2]       ; O[0]        ; 8.231 ; 8.231 ; 8.231 ; 8.231 ;
; A[2]       ; O[1]        ; 8.893 ; 8.893 ; 8.893 ; 8.893 ;
; A[2]       ; O[2]        ; 5.807 ; 6.218 ; 6.218 ; 5.807 ;
; A[2]       ; O[3]        ; 6.613 ; 6.613 ; 6.613 ; 6.613 ;
; A[2]       ; O[4]        ; 6.804 ; 6.804 ; 6.804 ; 6.804 ;
; A[2]       ; O[5]        ; 7.535 ; 7.535 ; 7.535 ; 7.535 ;
; A[2]       ; O[6]        ; 7.378 ; 7.378 ; 7.378 ; 7.378 ;
; A[2]       ; O[7]        ; 8.241 ; 8.241 ; 8.241 ; 8.241 ;
; A[3]       ; O[0]        ; 8.053 ; 8.053 ; 8.053 ; 8.053 ;
; A[3]       ; O[1]        ; 8.715 ; 8.715 ; 8.715 ; 8.715 ;
; A[3]       ; O[2]        ; 8.454 ; 8.454 ; 8.454 ; 8.454 ;
; A[3]       ; O[3]        ; 5.968 ; 6.431 ; 6.431 ; 5.968 ;
; A[3]       ; O[4]        ; 6.626 ; 6.626 ; 6.626 ; 6.626 ;
; A[3]       ; O[5]        ; 7.357 ; 7.357 ; 7.357 ; 7.357 ;
; A[3]       ; O[6]        ; 7.200 ; 7.200 ; 7.200 ; 7.200 ;
; A[3]       ; O[7]        ; 8.063 ; 8.063 ; 8.063 ; 8.063 ;
; A[4]       ; O[0]        ; 7.124 ; 7.124 ; 7.124 ; 7.124 ;
; A[4]       ; O[1]        ; 7.786 ; 7.786 ; 7.786 ; 7.786 ;
; A[4]       ; O[2]        ; 7.525 ; 7.525 ; 7.525 ; 7.525 ;
; A[4]       ; O[3]        ; 7.653 ; 7.653 ; 7.653 ; 7.653 ;
; A[4]       ; O[4]        ; 5.554 ; 5.964 ; 5.964 ; 5.554 ;
; A[4]       ; O[5]        ; 6.428 ; 6.428 ; 6.428 ; 6.428 ;
; A[4]       ; O[6]        ; 6.271 ; 6.271 ; 6.271 ; 6.271 ;
; A[4]       ; O[7]        ; 7.134 ; 7.134 ; 7.134 ; 7.134 ;
; A[5]       ; O[0]        ; 6.798 ; 6.798 ; 6.798 ; 6.798 ;
; A[5]       ; O[1]        ; 7.460 ; 7.460 ; 7.460 ; 7.460 ;
; A[5]       ; O[2]        ; 7.199 ; 7.199 ; 7.199 ; 7.199 ;
; A[5]       ; O[3]        ; 7.327 ; 7.327 ; 7.327 ; 7.327 ;
; A[5]       ; O[4]        ; 7.441 ; 7.441 ; 7.441 ; 7.441 ;
; A[5]       ; O[5]        ; 5.586 ; 6.103 ; 6.103 ; 5.586 ;
; A[5]       ; O[6]        ; 5.945 ; 5.945 ; 5.945 ; 5.945 ;
; A[5]       ; O[7]        ; 6.808 ; 6.808 ; 6.808 ; 6.808 ;
; A[6]       ; O[0]        ; 6.522 ; 6.522 ; 6.522 ; 6.522 ;
; A[6]       ; O[1]        ; 7.184 ; 7.184 ; 7.184 ; 7.184 ;
; A[6]       ; O[2]        ; 6.923 ; 6.923 ; 6.923 ; 6.923 ;
; A[6]       ; O[3]        ; 7.051 ; 7.051 ; 7.051 ; 7.051 ;
; A[6]       ; O[4]        ; 7.165 ; 7.165 ; 7.165 ; 7.165 ;
; A[6]       ; O[5]        ; 7.309 ; 7.309 ; 7.309 ; 7.309 ;
; A[6]       ; O[6]        ; 5.599 ; 5.986 ; 5.986 ; 5.599 ;
; A[6]       ; O[7]        ; 6.532 ; 6.532 ; 6.532 ; 6.532 ;
; A[7]       ; O[0]        ; 5.766 ; 5.766 ; 5.766 ; 5.766 ;
; A[7]       ; O[1]        ; 6.428 ; 6.428 ; 6.428 ; 6.428 ;
; A[7]       ; O[2]        ; 6.167 ; 6.167 ; 6.167 ; 6.167 ;
; A[7]       ; O[3]        ; 6.295 ; 6.295 ; 6.295 ; 6.295 ;
; A[7]       ; O[4]        ; 6.409 ; 6.409 ; 6.409 ; 6.409 ;
; A[7]       ; O[5]        ; 6.553 ; 6.553 ; 6.553 ; 6.553 ;
; A[7]       ; O[6]        ; 6.436 ; 6.436 ; 6.436 ; 6.436 ;
; A[7]       ; O[7]        ; 5.732 ; 5.776 ; 5.776 ; 5.732 ;
; AU2S[0]    ; O[0]        ; 3.636 ; 3.636 ; 3.636 ; 3.636 ;
; AU2S[0]    ; O[1]        ; 4.013 ; 4.013 ; 4.013 ; 4.013 ;
; AU2S[0]    ; O[2]        ; 4.037 ; 4.037 ; 4.037 ; 4.037 ;
; AU2S[0]    ; O[3]        ; 3.994 ; 3.994 ; 3.994 ; 3.994 ;
; AU2S[0]    ; O[4]        ; 3.909 ; 3.909 ; 3.909 ; 3.909 ;
; AU2S[0]    ; O[5]        ; 3.824 ; 3.824 ; 3.824 ; 3.824 ;
; AU2S[0]    ; O[6]        ; 4.068 ; 4.068 ; 4.068 ; 4.068 ;
; AU2S[0]    ; O[7]        ; 3.646 ; 3.646 ; 3.646 ; 3.646 ;
; AU2S[1]    ; O[0]        ; 3.500 ; 3.500 ; 3.500 ; 3.500 ;
; AU2S[1]    ; O[1]        ; 3.895 ; 3.895 ; 3.895 ; 3.895 ;
; AU2S[1]    ; O[2]        ; 3.901 ; 3.901 ; 3.901 ; 3.901 ;
; AU2S[1]    ; O[3]        ; 3.884 ; 3.884 ; 3.884 ; 3.884 ;
; AU2S[1]    ; O[4]        ; 3.804 ; 3.804 ; 3.804 ; 3.804 ;
; AU2S[1]    ; O[5]        ; 3.715 ; 3.715 ; 3.715 ; 3.715 ;
; AU2S[1]    ; O[6]        ; 3.966 ; 3.966 ; 3.966 ; 3.966 ;
; AU2S[1]    ; O[7]        ; 3.510 ; 3.510 ; 3.510 ; 3.510 ;
; B[0]       ; O[0]        ; 5.323 ; 5.474 ; 5.474 ; 5.323 ;
; B[0]       ; O[1]        ; 6.430 ; 6.430 ; 6.430 ; 6.430 ;
; B[0]       ; O[2]        ; 6.432 ; 6.432 ; 6.432 ; 6.432 ;
; B[0]       ; O[3]        ; 7.011 ; 7.011 ; 7.011 ; 7.011 ;
; B[0]       ; O[4]        ; 7.202 ; 7.202 ; 7.202 ; 7.202 ;
; B[0]       ; O[5]        ; 7.933 ; 7.933 ; 7.933 ; 7.933 ;
; B[0]       ; O[6]        ; 7.776 ; 7.776 ; 7.776 ; 7.776 ;
; B[0]       ; O[7]        ; 8.639 ; 8.639 ; 8.639 ; 8.639 ;
; B[1]       ; O[0]        ; 8.484 ; 8.484 ; 8.484 ; 8.484 ;
; B[1]       ; O[1]        ; 5.959 ; 6.283 ; 6.283 ; 5.959 ;
; B[1]       ; O[2]        ; 6.287 ; 6.287 ; 6.287 ; 6.287 ;
; B[1]       ; O[3]        ; 6.866 ; 6.866 ; 6.866 ; 6.866 ;
; B[1]       ; O[4]        ; 7.057 ; 7.057 ; 7.057 ; 7.057 ;
; B[1]       ; O[5]        ; 7.788 ; 7.788 ; 7.788 ; 7.788 ;
; B[1]       ; O[6]        ; 7.631 ; 7.631 ; 7.631 ; 7.631 ;
; B[1]       ; O[7]        ; 8.494 ; 8.494 ; 8.494 ; 8.494 ;
; B[2]       ; O[0]        ; 8.002 ; 8.002 ; 8.002 ; 8.002 ;
; B[2]       ; O[1]        ; 8.664 ; 8.664 ; 8.664 ; 8.664 ;
; B[2]       ; O[2]        ; 5.509 ; 6.087 ; 6.087 ; 5.509 ;
; B[2]       ; O[3]        ; 6.384 ; 6.384 ; 6.384 ; 6.384 ;
; B[2]       ; O[4]        ; 6.575 ; 6.575 ; 6.575 ; 6.575 ;
; B[2]       ; O[5]        ; 7.306 ; 7.306 ; 7.306 ; 7.306 ;
; B[2]       ; O[6]        ; 7.149 ; 7.149 ; 7.149 ; 7.149 ;
; B[2]       ; O[7]        ; 8.012 ; 8.012 ; 8.012 ; 8.012 ;
; B[3]       ; O[0]        ; 7.695 ; 7.695 ; 7.695 ; 7.695 ;
; B[3]       ; O[1]        ; 8.357 ; 8.357 ; 8.357 ; 8.357 ;
; B[3]       ; O[2]        ; 8.096 ; 8.096 ; 8.096 ; 8.096 ;
; B[3]       ; O[3]        ; 5.621 ; 6.077 ; 6.077 ; 5.621 ;
; B[3]       ; O[4]        ; 6.268 ; 6.268 ; 6.268 ; 6.268 ;
; B[3]       ; O[5]        ; 6.999 ; 6.999 ; 6.999 ; 6.999 ;
; B[3]       ; O[6]        ; 6.842 ; 6.842 ; 6.842 ; 6.842 ;
; B[3]       ; O[7]        ; 7.705 ; 7.705 ; 7.705 ; 7.705 ;
; B[4]       ; O[0]        ; 6.924 ; 6.924 ; 6.924 ; 6.924 ;
; B[4]       ; O[1]        ; 7.586 ; 7.586 ; 7.586 ; 7.586 ;
; B[4]       ; O[2]        ; 7.325 ; 7.325 ; 7.325 ; 7.325 ;
; B[4]       ; O[3]        ; 7.453 ; 7.453 ; 7.453 ; 7.453 ;
; B[4]       ; O[4]        ; 5.408 ; 5.724 ; 5.724 ; 5.408 ;
; B[4]       ; O[5]        ; 6.228 ; 6.228 ; 6.228 ; 6.228 ;
; B[4]       ; O[6]        ; 6.071 ; 6.071 ; 6.071 ; 6.071 ;
; B[4]       ; O[7]        ; 6.934 ; 6.934 ; 6.934 ; 6.934 ;
; B[5]       ; O[0]        ; 6.681 ; 6.681 ; 6.681 ; 6.681 ;
; B[5]       ; O[1]        ; 7.343 ; 7.343 ; 7.343 ; 7.343 ;
; B[5]       ; O[2]        ; 7.082 ; 7.082 ; 7.082 ; 7.082 ;
; B[5]       ; O[3]        ; 7.210 ; 7.210 ; 7.210 ; 7.210 ;
; B[5]       ; O[4]        ; 7.324 ; 7.324 ; 7.324 ; 7.324 ;
; B[5]       ; O[5]        ; 5.478 ; 5.985 ; 5.985 ; 5.478 ;
; B[5]       ; O[6]        ; 5.828 ; 5.828 ; 5.828 ; 5.828 ;
; B[5]       ; O[7]        ; 6.691 ; 6.691 ; 6.691 ; 6.691 ;
; B[6]       ; O[0]        ; 6.401 ; 6.401 ; 6.401 ; 6.401 ;
; B[6]       ; O[1]        ; 7.063 ; 7.063 ; 7.063 ; 7.063 ;
; B[6]       ; O[2]        ; 6.802 ; 6.802 ; 6.802 ; 6.802 ;
; B[6]       ; O[3]        ; 6.930 ; 6.930 ; 6.930 ; 6.930 ;
; B[6]       ; O[4]        ; 7.044 ; 7.044 ; 7.044 ; 7.044 ;
; B[6]       ; O[5]        ; 7.188 ; 7.188 ; 7.188 ; 7.188 ;
; B[6]       ; O[6]        ; 5.246 ; 5.832 ; 5.832 ; 5.246 ;
; B[6]       ; O[7]        ; 6.411 ; 6.411 ; 6.411 ; 6.411 ;
; B[7]       ; O[0]        ; 5.653 ; 5.653 ; 5.653 ; 5.653 ;
; B[7]       ; O[1]        ; 6.315 ; 6.315 ; 6.315 ; 6.315 ;
; B[7]       ; O[2]        ; 6.054 ; 6.054 ; 6.054 ; 6.054 ;
; B[7]       ; O[3]        ; 6.182 ; 6.182 ; 6.182 ; 6.182 ;
; B[7]       ; O[4]        ; 6.296 ; 6.296 ; 6.296 ; 6.296 ;
; B[7]       ; O[5]        ; 6.440 ; 6.440 ; 6.440 ; 6.440 ;
; B[7]       ; O[6]        ; 6.323 ; 6.323 ; 6.323 ; 6.323 ;
; B[7]       ; O[7]        ; 5.328 ; 5.663 ; 5.663 ; 5.328 ;
+------------+-------------+-------+-------+-------+-------+


+----------------------------------------------------------------------------+
; Multicorner Timing Analysis Summary                                        ;
+------------------+-------+------+----------+---------+---------------------+
; Clock            ; Setup ; Hold ; Recovery ; Removal ; Minimum Pulse Width ;
+------------------+-------+------+----------+---------+---------------------+
; Worst-case Slack ; N/A   ; N/A  ; N/A      ; N/A     ; N/A                 ;
; Design-wide TNS  ; 0.0   ; 0.0  ; 0.0      ; 0.0     ; 0.0                 ;
+------------------+-------+------+----------+---------+---------------------+


+--------------------------------------------------------------+
; Progagation Delay                                            ;
+------------+-------------+--------+--------+--------+--------+
; Input Port ; Output Port ; RR     ; RF     ; FR     ; FF     ;
+------------+-------------+--------+--------+--------+--------+
; A[0]       ; O[0]        ; 17.393 ; 17.393 ; 17.393 ; 17.393 ;
; A[0]       ; O[1]        ; 18.825 ; 18.825 ; 18.825 ; 18.825 ;
; A[0]       ; O[2]        ; 18.290 ; 18.290 ; 18.290 ; 18.290 ;
; A[0]       ; O[3]        ; 18.637 ; 18.637 ; 18.637 ; 18.637 ;
; A[0]       ; O[4]        ; 18.934 ; 18.934 ; 18.934 ; 18.934 ;
; A[0]       ; O[5]        ; 19.245 ; 19.245 ; 19.245 ; 19.245 ;
; A[0]       ; O[6]        ; 18.944 ; 18.944 ; 18.944 ; 18.944 ;
; A[0]       ; O[7]        ; 17.554 ; 17.554 ; 17.554 ; 17.554 ;
; A[1]       ; O[0]        ; 16.611 ; 16.611 ; 16.611 ; 16.611 ;
; A[1]       ; O[1]        ; 18.043 ; 18.043 ; 18.043 ; 18.043 ;
; A[1]       ; O[2]        ; 17.508 ; 17.508 ; 17.508 ; 17.508 ;
; A[1]       ; O[3]        ; 17.855 ; 17.855 ; 17.855 ; 17.855 ;
; A[1]       ; O[4]        ; 18.152 ; 18.152 ; 18.152 ; 18.152 ;
; A[1]       ; O[5]        ; 18.463 ; 18.463 ; 18.463 ; 18.463 ;
; A[1]       ; O[6]        ; 18.162 ; 18.162 ; 18.162 ; 18.162 ;
; A[1]       ; O[7]        ; 16.772 ; 16.772 ; 16.772 ; 16.772 ;
; A[2]       ; O[0]        ; 16.131 ; 16.131 ; 16.131 ; 16.131 ;
; A[2]       ; O[1]        ; 17.563 ; 17.563 ; 17.563 ; 17.563 ;
; A[2]       ; O[2]        ; 17.028 ; 17.028 ; 17.028 ; 17.028 ;
; A[2]       ; O[3]        ; 17.375 ; 17.375 ; 17.375 ; 17.375 ;
; A[2]       ; O[4]        ; 17.672 ; 17.672 ; 17.672 ; 17.672 ;
; A[2]       ; O[5]        ; 17.983 ; 17.983 ; 17.983 ; 17.983 ;
; A[2]       ; O[6]        ; 17.682 ; 17.682 ; 17.682 ; 17.682 ;
; A[2]       ; O[7]        ; 16.292 ; 16.292 ; 16.292 ; 16.292 ;
; A[3]       ; O[0]        ; 15.733 ; 15.733 ; 15.733 ; 15.733 ;
; A[3]       ; O[1]        ; 17.165 ; 17.165 ; 17.165 ; 17.165 ;
; A[3]       ; O[2]        ; 16.630 ; 16.630 ; 16.630 ; 16.630 ;
; A[3]       ; O[3]        ; 16.977 ; 16.977 ; 16.977 ; 16.977 ;
; A[3]       ; O[4]        ; 17.274 ; 17.274 ; 17.274 ; 17.274 ;
; A[3]       ; O[5]        ; 17.585 ; 17.585 ; 17.585 ; 17.585 ;
; A[3]       ; O[6]        ; 17.284 ; 17.284 ; 17.284 ; 17.284 ;
; A[3]       ; O[7]        ; 15.894 ; 15.894 ; 15.894 ; 15.894 ;
; A[4]       ; O[0]        ; 13.543 ; 13.543 ; 13.543 ; 13.543 ;
; A[4]       ; O[1]        ; 14.975 ; 14.975 ; 14.975 ; 14.975 ;
; A[4]       ; O[2]        ; 14.440 ; 14.440 ; 14.440 ; 14.440 ;
; A[4]       ; O[3]        ; 14.787 ; 14.787 ; 14.787 ; 14.787 ;
; A[4]       ; O[4]        ; 15.084 ; 15.084 ; 15.084 ; 15.084 ;
; A[4]       ; O[5]        ; 15.395 ; 15.395 ; 15.395 ; 15.395 ;
; A[4]       ; O[6]        ; 15.094 ; 15.094 ; 15.094 ; 15.094 ;
; A[4]       ; O[7]        ; 13.704 ; 13.704 ; 13.704 ; 13.704 ;
; A[5]       ; O[0]        ; 12.849 ; 12.849 ; 12.849 ; 12.849 ;
; A[5]       ; O[1]        ; 14.281 ; 14.281 ; 14.281 ; 14.281 ;
; A[5]       ; O[2]        ; 13.746 ; 13.746 ; 13.746 ; 13.746 ;
; A[5]       ; O[3]        ; 14.093 ; 14.093 ; 14.093 ; 14.093 ;
; A[5]       ; O[4]        ; 14.390 ; 14.390 ; 14.390 ; 14.390 ;
; A[5]       ; O[5]        ; 14.701 ; 14.701 ; 14.701 ; 14.701 ;
; A[5]       ; O[6]        ; 14.400 ; 14.400 ; 14.400 ; 14.400 ;
; A[5]       ; O[7]        ; 13.010 ; 13.010 ; 13.010 ; 13.010 ;
; A[6]       ; O[0]        ; 12.200 ; 12.200 ; 12.200 ; 12.200 ;
; A[6]       ; O[1]        ; 13.632 ; 13.632 ; 13.632 ; 13.632 ;
; A[6]       ; O[2]        ; 13.097 ; 13.097 ; 13.097 ; 13.097 ;
; A[6]       ; O[3]        ; 13.444 ; 13.444 ; 13.444 ; 13.444 ;
; A[6]       ; O[4]        ; 13.741 ; 13.741 ; 13.741 ; 13.741 ;
; A[6]       ; O[5]        ; 14.052 ; 14.052 ; 14.052 ; 14.052 ;
; A[6]       ; O[6]        ; 13.751 ; 13.751 ; 13.751 ; 13.751 ;
; A[6]       ; O[7]        ; 12.361 ; 12.361 ; 12.361 ; 12.361 ;
; A[7]       ; O[0]        ; 10.384 ; 10.384 ; 10.384 ; 10.384 ;
; A[7]       ; O[1]        ; 11.816 ; 11.816 ; 11.816 ; 11.816 ;
; A[7]       ; O[2]        ; 11.281 ; 11.281 ; 11.281 ; 11.281 ;
; A[7]       ; O[3]        ; 11.628 ; 11.628 ; 11.628 ; 11.628 ;
; A[7]       ; O[4]        ; 11.925 ; 11.925 ; 11.925 ; 11.925 ;
; A[7]       ; O[5]        ; 12.236 ; 12.236 ; 12.236 ; 12.236 ;
; A[7]       ; O[6]        ; 11.935 ; 11.935 ; 11.935 ; 11.935 ;
; A[7]       ; O[7]        ; 10.966 ; 10.966 ; 10.966 ; 10.966 ;
; AU2S[0]    ; O[0]        ; 14.476 ; 14.476 ; 14.476 ; 14.476 ;
; AU2S[0]    ; O[1]        ; 15.908 ; 15.908 ; 15.908 ; 15.908 ;
; AU2S[0]    ; O[2]        ; 15.373 ; 15.373 ; 15.373 ; 15.373 ;
; AU2S[0]    ; O[3]        ; 15.720 ; 15.720 ; 15.720 ; 15.720 ;
; AU2S[0]    ; O[4]        ; 16.017 ; 16.017 ; 16.017 ; 16.017 ;
; AU2S[0]    ; O[5]        ; 16.328 ; 16.328 ; 16.328 ; 16.328 ;
; AU2S[0]    ; O[6]        ; 16.027 ; 16.027 ; 16.027 ; 16.027 ;
; AU2S[0]    ; O[7]        ; 14.637 ; 14.637 ; 14.637 ; 14.637 ;
; AU2S[1]    ; O[0]        ; 14.259 ; 14.259 ; 14.259 ; 14.259 ;
; AU2S[1]    ; O[1]        ; 15.691 ; 15.691 ; 15.691 ; 15.691 ;
; AU2S[1]    ; O[2]        ; 15.156 ; 15.156 ; 15.156 ; 15.156 ;
; AU2S[1]    ; O[3]        ; 15.503 ; 15.503 ; 15.503 ; 15.503 ;
; AU2S[1]    ; O[4]        ; 15.800 ; 15.800 ; 15.800 ; 15.800 ;
; AU2S[1]    ; O[5]        ; 16.111 ; 16.111 ; 16.111 ; 16.111 ;
; AU2S[1]    ; O[6]        ; 15.810 ; 15.810 ; 15.810 ; 15.810 ;
; AU2S[1]    ; O[7]        ; 14.420 ; 14.420 ; 14.420 ; 14.420 ;
; B[0]       ; O[0]        ; 17.097 ; 17.097 ; 17.097 ; 17.097 ;
; B[0]       ; O[1]        ; 18.529 ; 18.529 ; 18.529 ; 18.529 ;
; B[0]       ; O[2]        ; 17.994 ; 17.994 ; 17.994 ; 17.994 ;
; B[0]       ; O[3]        ; 18.341 ; 18.341 ; 18.341 ; 18.341 ;
; B[0]       ; O[4]        ; 18.638 ; 18.638 ; 18.638 ; 18.638 ;
; B[0]       ; O[5]        ; 18.949 ; 18.949 ; 18.949 ; 18.949 ;
; B[0]       ; O[6]        ; 18.648 ; 18.648 ; 18.648 ; 18.648 ;
; B[0]       ; O[7]        ; 17.258 ; 17.258 ; 17.258 ; 17.258 ;
; B[1]       ; O[0]        ; 16.741 ; 16.741 ; 16.741 ; 16.741 ;
; B[1]       ; O[1]        ; 18.173 ; 18.173 ; 18.173 ; 18.173 ;
; B[1]       ; O[2]        ; 17.638 ; 17.638 ; 17.638 ; 17.638 ;
; B[1]       ; O[3]        ; 17.985 ; 17.985 ; 17.985 ; 17.985 ;
; B[1]       ; O[4]        ; 18.282 ; 18.282 ; 18.282 ; 18.282 ;
; B[1]       ; O[5]        ; 18.593 ; 18.593 ; 18.593 ; 18.593 ;
; B[1]       ; O[6]        ; 18.292 ; 18.292 ; 18.292 ; 18.292 ;
; B[1]       ; O[7]        ; 16.902 ; 16.902 ; 16.902 ; 16.902 ;
; B[2]       ; O[0]        ; 15.527 ; 15.527 ; 15.527 ; 15.527 ;
; B[2]       ; O[1]        ; 16.959 ; 16.959 ; 16.959 ; 16.959 ;
; B[2]       ; O[2]        ; 16.424 ; 16.424 ; 16.424 ; 16.424 ;
; B[2]       ; O[3]        ; 16.771 ; 16.771 ; 16.771 ; 16.771 ;
; B[2]       ; O[4]        ; 17.068 ; 17.068 ; 17.068 ; 17.068 ;
; B[2]       ; O[5]        ; 17.379 ; 17.379 ; 17.379 ; 17.379 ;
; B[2]       ; O[6]        ; 17.078 ; 17.078 ; 17.078 ; 17.078 ;
; B[2]       ; O[7]        ; 15.688 ; 15.688 ; 15.688 ; 15.688 ;
; B[3]       ; O[0]        ; 14.852 ; 14.852 ; 14.852 ; 14.852 ;
; B[3]       ; O[1]        ; 16.284 ; 16.284 ; 16.284 ; 16.284 ;
; B[3]       ; O[2]        ; 15.749 ; 15.749 ; 15.749 ; 15.749 ;
; B[3]       ; O[3]        ; 16.096 ; 16.096 ; 16.096 ; 16.096 ;
; B[3]       ; O[4]        ; 16.393 ; 16.393 ; 16.393 ; 16.393 ;
; B[3]       ; O[5]        ; 16.704 ; 16.704 ; 16.704 ; 16.704 ;
; B[3]       ; O[6]        ; 16.403 ; 16.403 ; 16.403 ; 16.403 ;
; B[3]       ; O[7]        ; 15.013 ; 15.013 ; 15.013 ; 15.013 ;
; B[4]       ; O[0]        ; 13.133 ; 13.133 ; 13.133 ; 13.133 ;
; B[4]       ; O[1]        ; 14.565 ; 14.565 ; 14.565 ; 14.565 ;
; B[4]       ; O[2]        ; 14.030 ; 14.030 ; 14.030 ; 14.030 ;
; B[4]       ; O[3]        ; 14.377 ; 14.377 ; 14.377 ; 14.377 ;
; B[4]       ; O[4]        ; 14.674 ; 14.674 ; 14.674 ; 14.674 ;
; B[4]       ; O[5]        ; 14.985 ; 14.985 ; 14.985 ; 14.985 ;
; B[4]       ; O[6]        ; 14.684 ; 14.684 ; 14.684 ; 14.684 ;
; B[4]       ; O[7]        ; 13.294 ; 13.294 ; 13.294 ; 13.294 ;
; B[5]       ; O[0]        ; 12.608 ; 12.608 ; 12.608 ; 12.608 ;
; B[5]       ; O[1]        ; 14.040 ; 14.040 ; 14.040 ; 14.040 ;
; B[5]       ; O[2]        ; 13.505 ; 13.505 ; 13.505 ; 13.505 ;
; B[5]       ; O[3]        ; 13.852 ; 13.852 ; 13.852 ; 13.852 ;
; B[5]       ; O[4]        ; 14.149 ; 14.149 ; 14.149 ; 14.149 ;
; B[5]       ; O[5]        ; 14.460 ; 14.460 ; 14.460 ; 14.460 ;
; B[5]       ; O[6]        ; 14.159 ; 14.159 ; 14.159 ; 14.159 ;
; B[5]       ; O[7]        ; 12.769 ; 12.769 ; 12.769 ; 12.769 ;
; B[6]       ; O[0]        ; 11.925 ; 11.925 ; 11.925 ; 11.925 ;
; B[6]       ; O[1]        ; 13.357 ; 13.357 ; 13.357 ; 13.357 ;
; B[6]       ; O[2]        ; 12.822 ; 12.822 ; 12.822 ; 12.822 ;
; B[6]       ; O[3]        ; 13.169 ; 13.169 ; 13.169 ; 13.169 ;
; B[6]       ; O[4]        ; 13.466 ; 13.466 ; 13.466 ; 13.466 ;
; B[6]       ; O[5]        ; 13.777 ; 13.777 ; 13.777 ; 13.777 ;
; B[6]       ; O[6]        ; 13.476 ; 13.476 ; 13.476 ; 13.476 ;
; B[6]       ; O[7]        ; 12.086 ; 12.086 ; 12.086 ; 12.086 ;
; B[7]       ; O[0]        ; 10.313 ; 10.313 ; 10.313 ; 10.313 ;
; B[7]       ; O[1]        ; 11.745 ; 11.745 ; 11.745 ; 11.745 ;
; B[7]       ; O[2]        ; 11.210 ; 11.210 ; 11.210 ; 11.210 ;
; B[7]       ; O[3]        ; 11.557 ; 11.557 ; 11.557 ; 11.557 ;
; B[7]       ; O[4]        ; 11.854 ; 11.854 ; 11.854 ; 11.854 ;
; B[7]       ; O[5]        ; 12.165 ; 12.165 ; 12.165 ; 12.165 ;
; B[7]       ; O[6]        ; 11.864 ; 11.864 ; 11.864 ; 11.864 ;
; B[7]       ; O[7]        ; 10.895 ; 10.895 ; 10.895 ; 10.895 ;
+------------+-------------+--------+--------+--------+--------+


+----------------------------------------------------------+
; Minimum Progagation Delay                                ;
+------------+-------------+-------+-------+-------+-------+
; Input Port ; Output Port ; RR    ; RF    ; FR    ; FF    ;
+------------+-------------+-------+-------+-------+-------+
; A[0]       ; O[0]        ; 5.616 ; 5.616 ; 5.616 ; 5.616 ;
; A[0]       ; O[1]        ; 6.576 ; 6.576 ; 6.576 ; 6.576 ;
; A[0]       ; O[2]        ; 6.578 ; 6.578 ; 6.578 ; 6.578 ;
; A[0]       ; O[3]        ; 7.157 ; 7.157 ; 7.157 ; 7.157 ;
; A[0]       ; O[4]        ; 7.348 ; 7.348 ; 7.348 ; 7.348 ;
; A[0]       ; O[5]        ; 8.079 ; 8.079 ; 8.079 ; 8.079 ;
; A[0]       ; O[6]        ; 7.922 ; 7.922 ; 7.922 ; 7.922 ;
; A[0]       ; O[7]        ; 8.785 ; 8.785 ; 8.785 ; 8.785 ;
; A[1]       ; O[0]        ; 8.466 ; 8.466 ; 8.466 ; 8.466 ;
; A[1]       ; O[1]        ; 6.061 ; 6.269 ; 6.269 ; 6.061 ;
; A[1]       ; O[2]        ; 6.269 ; 6.269 ; 6.269 ; 6.269 ;
; A[1]       ; O[3]        ; 6.848 ; 6.848 ; 6.848 ; 6.848 ;
; A[1]       ; O[4]        ; 7.039 ; 7.039 ; 7.039 ; 7.039 ;
; A[1]       ; O[5]        ; 7.770 ; 7.770 ; 7.770 ; 7.770 ;
; A[1]       ; O[6]        ; 7.613 ; 7.613 ; 7.613 ; 7.613 ;
; A[1]       ; O[7]        ; 8.476 ; 8.476 ; 8.476 ; 8.476 ;
; A[2]       ; O[0]        ; 8.231 ; 8.231 ; 8.231 ; 8.231 ;
; A[2]       ; O[1]        ; 8.893 ; 8.893 ; 8.893 ; 8.893 ;
; A[2]       ; O[2]        ; 5.807 ; 6.218 ; 6.218 ; 5.807 ;
; A[2]       ; O[3]        ; 6.613 ; 6.613 ; 6.613 ; 6.613 ;
; A[2]       ; O[4]        ; 6.804 ; 6.804 ; 6.804 ; 6.804 ;
; A[2]       ; O[5]        ; 7.535 ; 7.535 ; 7.535 ; 7.535 ;
; A[2]       ; O[6]        ; 7.378 ; 7.378 ; 7.378 ; 7.378 ;
; A[2]       ; O[7]        ; 8.241 ; 8.241 ; 8.241 ; 8.241 ;
; A[3]       ; O[0]        ; 8.053 ; 8.053 ; 8.053 ; 8.053 ;
; A[3]       ; O[1]        ; 8.715 ; 8.715 ; 8.715 ; 8.715 ;
; A[3]       ; O[2]        ; 8.454 ; 8.454 ; 8.454 ; 8.454 ;
; A[3]       ; O[3]        ; 5.968 ; 6.431 ; 6.431 ; 5.968 ;
; A[3]       ; O[4]        ; 6.626 ; 6.626 ; 6.626 ; 6.626 ;
; A[3]       ; O[5]        ; 7.357 ; 7.357 ; 7.357 ; 7.357 ;
; A[3]       ; O[6]        ; 7.200 ; 7.200 ; 7.200 ; 7.200 ;
; A[3]       ; O[7]        ; 8.063 ; 8.063 ; 8.063 ; 8.063 ;
; A[4]       ; O[0]        ; 7.124 ; 7.124 ; 7.124 ; 7.124 ;
; A[4]       ; O[1]        ; 7.786 ; 7.786 ; 7.786 ; 7.786 ;
; A[4]       ; O[2]        ; 7.525 ; 7.525 ; 7.525 ; 7.525 ;
; A[4]       ; O[3]        ; 7.653 ; 7.653 ; 7.653 ; 7.653 ;
; A[4]       ; O[4]        ; 5.554 ; 5.964 ; 5.964 ; 5.554 ;
; A[4]       ; O[5]        ; 6.428 ; 6.428 ; 6.428 ; 6.428 ;
; A[4]       ; O[6]        ; 6.271 ; 6.271 ; 6.271 ; 6.271 ;
; A[4]       ; O[7]        ; 7.134 ; 7.134 ; 7.134 ; 7.134 ;
; A[5]       ; O[0]        ; 6.798 ; 6.798 ; 6.798 ; 6.798 ;
; A[5]       ; O[1]        ; 7.460 ; 7.460 ; 7.460 ; 7.460 ;
; A[5]       ; O[2]        ; 7.199 ; 7.199 ; 7.199 ; 7.199 ;
; A[5]       ; O[3]        ; 7.327 ; 7.327 ; 7.327 ; 7.327 ;
; A[5]       ; O[4]        ; 7.441 ; 7.441 ; 7.441 ; 7.441 ;
; A[5]       ; O[5]        ; 5.586 ; 6.103 ; 6.103 ; 5.586 ;
; A[5]       ; O[6]        ; 5.945 ; 5.945 ; 5.945 ; 5.945 ;
; A[5]       ; O[7]        ; 6.808 ; 6.808 ; 6.808 ; 6.808 ;
; A[6]       ; O[0]        ; 6.522 ; 6.522 ; 6.522 ; 6.522 ;
; A[6]       ; O[1]        ; 7.184 ; 7.184 ; 7.184 ; 7.184 ;
; A[6]       ; O[2]        ; 6.923 ; 6.923 ; 6.923 ; 6.923 ;
; A[6]       ; O[3]        ; 7.051 ; 7.051 ; 7.051 ; 7.051 ;
; A[6]       ; O[4]        ; 7.165 ; 7.165 ; 7.165 ; 7.165 ;
; A[6]       ; O[5]        ; 7.309 ; 7.309 ; 7.309 ; 7.309 ;
; A[6]       ; O[6]        ; 5.599 ; 5.986 ; 5.986 ; 5.599 ;
; A[6]       ; O[7]        ; 6.532 ; 6.532 ; 6.532 ; 6.532 ;
; A[7]       ; O[0]        ; 5.766 ; 5.766 ; 5.766 ; 5.766 ;
; A[7]       ; O[1]        ; 6.428 ; 6.428 ; 6.428 ; 6.428 ;
; A[7]       ; O[2]        ; 6.167 ; 6.167 ; 6.167 ; 6.167 ;
; A[7]       ; O[3]        ; 6.295 ; 6.295 ; 6.295 ; 6.295 ;
; A[7]       ; O[4]        ; 6.409 ; 6.409 ; 6.409 ; 6.409 ;
; A[7]       ; O[5]        ; 6.553 ; 6.553 ; 6.553 ; 6.553 ;
; A[7]       ; O[6]        ; 6.436 ; 6.436 ; 6.436 ; 6.436 ;
; A[7]       ; O[7]        ; 5.732 ; 5.776 ; 5.776 ; 5.732 ;
; AU2S[0]    ; O[0]        ; 3.636 ; 3.636 ; 3.636 ; 3.636 ;
; AU2S[0]    ; O[1]        ; 4.013 ; 4.013 ; 4.013 ; 4.013 ;
; AU2S[0]    ; O[2]        ; 4.037 ; 4.037 ; 4.037 ; 4.037 ;
; AU2S[0]    ; O[3]        ; 3.994 ; 3.994 ; 3.994 ; 3.994 ;
; AU2S[0]    ; O[4]        ; 3.909 ; 3.909 ; 3.909 ; 3.909 ;
; AU2S[0]    ; O[5]        ; 3.824 ; 3.824 ; 3.824 ; 3.824 ;
; AU2S[0]    ; O[6]        ; 4.068 ; 4.068 ; 4.068 ; 4.068 ;
; AU2S[0]    ; O[7]        ; 3.646 ; 3.646 ; 3.646 ; 3.646 ;
; AU2S[1]    ; O[0]        ; 3.500 ; 3.500 ; 3.500 ; 3.500 ;
; AU2S[1]    ; O[1]        ; 3.895 ; 3.895 ; 3.895 ; 3.895 ;
; AU2S[1]    ; O[2]        ; 3.901 ; 3.901 ; 3.901 ; 3.901 ;
; AU2S[1]    ; O[3]        ; 3.884 ; 3.884 ; 3.884 ; 3.884 ;
; AU2S[1]    ; O[4]        ; 3.804 ; 3.804 ; 3.804 ; 3.804 ;
; AU2S[1]    ; O[5]        ; 3.715 ; 3.715 ; 3.715 ; 3.715 ;
; AU2S[1]    ; O[6]        ; 3.966 ; 3.966 ; 3.966 ; 3.966 ;
; AU2S[1]    ; O[7]        ; 3.510 ; 3.510 ; 3.510 ; 3.510 ;
; B[0]       ; O[0]        ; 5.323 ; 5.474 ; 5.474 ; 5.323 ;
; B[0]       ; O[1]        ; 6.430 ; 6.430 ; 6.430 ; 6.430 ;
; B[0]       ; O[2]        ; 6.432 ; 6.432 ; 6.432 ; 6.432 ;
; B[0]       ; O[3]        ; 7.011 ; 7.011 ; 7.011 ; 7.011 ;
; B[0]       ; O[4]        ; 7.202 ; 7.202 ; 7.202 ; 7.202 ;
; B[0]       ; O[5]        ; 7.933 ; 7.933 ; 7.933 ; 7.933 ;
; B[0]       ; O[6]        ; 7.776 ; 7.776 ; 7.776 ; 7.776 ;
; B[0]       ; O[7]        ; 8.639 ; 8.639 ; 8.639 ; 8.639 ;
; B[1]       ; O[0]        ; 8.484 ; 8.484 ; 8.484 ; 8.484 ;
; B[1]       ; O[1]        ; 5.959 ; 6.283 ; 6.283 ; 5.959 ;
; B[1]       ; O[2]        ; 6.287 ; 6.287 ; 6.287 ; 6.287 ;
; B[1]       ; O[3]        ; 6.866 ; 6.866 ; 6.866 ; 6.866 ;
; B[1]       ; O[4]        ; 7.057 ; 7.057 ; 7.057 ; 7.057 ;
; B[1]       ; O[5]        ; 7.788 ; 7.788 ; 7.788 ; 7.788 ;
; B[1]       ; O[6]        ; 7.631 ; 7.631 ; 7.631 ; 7.631 ;
; B[1]       ; O[7]        ; 8.494 ; 8.494 ; 8.494 ; 8.494 ;
; B[2]       ; O[0]        ; 8.002 ; 8.002 ; 8.002 ; 8.002 ;
; B[2]       ; O[1]        ; 8.664 ; 8.664 ; 8.664 ; 8.664 ;
; B[2]       ; O[2]        ; 5.509 ; 6.087 ; 6.087 ; 5.509 ;
; B[2]       ; O[3]        ; 6.384 ; 6.384 ; 6.384 ; 6.384 ;
; B[2]       ; O[4]        ; 6.575 ; 6.575 ; 6.575 ; 6.575 ;
; B[2]       ; O[5]        ; 7.306 ; 7.306 ; 7.306 ; 7.306 ;
; B[2]       ; O[6]        ; 7.149 ; 7.149 ; 7.149 ; 7.149 ;
; B[2]       ; O[7]        ; 8.012 ; 8.012 ; 8.012 ; 8.012 ;
; B[3]       ; O[0]        ; 7.695 ; 7.695 ; 7.695 ; 7.695 ;
; B[3]       ; O[1]        ; 8.357 ; 8.357 ; 8.357 ; 8.357 ;
; B[3]       ; O[2]        ; 8.096 ; 8.096 ; 8.096 ; 8.096 ;
; B[3]       ; O[3]        ; 5.621 ; 6.077 ; 6.077 ; 5.621 ;
; B[3]       ; O[4]        ; 6.268 ; 6.268 ; 6.268 ; 6.268 ;
; B[3]       ; O[5]        ; 6.999 ; 6.999 ; 6.999 ; 6.999 ;
; B[3]       ; O[6]        ; 6.842 ; 6.842 ; 6.842 ; 6.842 ;
; B[3]       ; O[7]        ; 7.705 ; 7.705 ; 7.705 ; 7.705 ;
; B[4]       ; O[0]        ; 6.924 ; 6.924 ; 6.924 ; 6.924 ;
; B[4]       ; O[1]        ; 7.586 ; 7.586 ; 7.586 ; 7.586 ;
; B[4]       ; O[2]        ; 7.325 ; 7.325 ; 7.325 ; 7.325 ;
; B[4]       ; O[3]        ; 7.453 ; 7.453 ; 7.453 ; 7.453 ;
; B[4]       ; O[4]        ; 5.408 ; 5.724 ; 5.724 ; 5.408 ;
; B[4]       ; O[5]        ; 6.228 ; 6.228 ; 6.228 ; 6.228 ;
; B[4]       ; O[6]        ; 6.071 ; 6.071 ; 6.071 ; 6.071 ;
; B[4]       ; O[7]        ; 6.934 ; 6.934 ; 6.934 ; 6.934 ;
; B[5]       ; O[0]        ; 6.681 ; 6.681 ; 6.681 ; 6.681 ;
; B[5]       ; O[1]        ; 7.343 ; 7.343 ; 7.343 ; 7.343 ;
; B[5]       ; O[2]        ; 7.082 ; 7.082 ; 7.082 ; 7.082 ;
; B[5]       ; O[3]        ; 7.210 ; 7.210 ; 7.210 ; 7.210 ;
; B[5]       ; O[4]        ; 7.324 ; 7.324 ; 7.324 ; 7.324 ;
; B[5]       ; O[5]        ; 5.478 ; 5.985 ; 5.985 ; 5.478 ;
; B[5]       ; O[6]        ; 5.828 ; 5.828 ; 5.828 ; 5.828 ;
; B[5]       ; O[7]        ; 6.691 ; 6.691 ; 6.691 ; 6.691 ;
; B[6]       ; O[0]        ; 6.401 ; 6.401 ; 6.401 ; 6.401 ;
; B[6]       ; O[1]        ; 7.063 ; 7.063 ; 7.063 ; 7.063 ;
; B[6]       ; O[2]        ; 6.802 ; 6.802 ; 6.802 ; 6.802 ;
; B[6]       ; O[3]        ; 6.930 ; 6.930 ; 6.930 ; 6.930 ;
; B[6]       ; O[4]        ; 7.044 ; 7.044 ; 7.044 ; 7.044 ;
; B[6]       ; O[5]        ; 7.188 ; 7.188 ; 7.188 ; 7.188 ;
; B[6]       ; O[6]        ; 5.246 ; 5.832 ; 5.832 ; 5.246 ;
; B[6]       ; O[7]        ; 6.411 ; 6.411 ; 6.411 ; 6.411 ;
; B[7]       ; O[0]        ; 5.653 ; 5.653 ; 5.653 ; 5.653 ;
; B[7]       ; O[1]        ; 6.315 ; 6.315 ; 6.315 ; 6.315 ;
; B[7]       ; O[2]        ; 6.054 ; 6.054 ; 6.054 ; 6.054 ;
; B[7]       ; O[3]        ; 6.182 ; 6.182 ; 6.182 ; 6.182 ;
; B[7]       ; O[4]        ; 6.296 ; 6.296 ; 6.296 ; 6.296 ;
; B[7]       ; O[5]        ; 6.440 ; 6.440 ; 6.440 ; 6.440 ;
; B[7]       ; O[6]        ; 6.323 ; 6.323 ; 6.323 ; 6.323 ;
; B[7]       ; O[7]        ; 5.328 ; 5.663 ; 5.663 ; 5.328 ;
+------------+-------------+-------+-------+-------+-------+


-------------------
; Clock Transfers ;
-------------------
Nothing to report.


---------------
; Report TCCS ;
---------------
No dedicated SERDES Transmitter circuitry present in device or used in design


---------------
; Report RSKM ;
---------------
No dedicated SERDES Receiver circuitry present in device or used in design


+------------------------------------------------+
; Unconstrained Paths                            ;
+---------------------------------+-------+------+
; Property                        ; Setup ; Hold ;
+---------------------------------+-------+------+
; Illegal Clocks                  ; 0     ; 0    ;
; Unconstrained Clocks            ; 0     ; 0    ;
; Unconstrained Input Ports       ; 18    ; 18   ;
; Unconstrained Input Port Paths  ; 144   ; 144  ;
; Unconstrained Output Ports      ; 8     ; 8    ;
; Unconstrained Output Port Paths ; 144   ; 144  ;
+---------------------------------+-------+------+


+------------------------------------+
; TimeQuest Timing Analyzer Messages ;
+------------------------------------+
Info: *******************************************************************
Info: Running Quartus II 64-Bit TimeQuest Timing Analyzer
    Info: Version 13.0.1 Build 232 06/12/2013 Service Pack 1 SJ Web Edition
    Info: Processing started: Sat Dec 13 15:19:48 2025
Info: Command: quartus_sta BSCU -c BSCU
Info: qsta_default_script.tcl version: #1
Warning (20028): Parallel compilation is not licensed and has been disabled
Info (21077): Low junction temperature is 0 degrees C
Info (21077): High junction temperature is 85 degrees C
Critical Warning (332012): Synopsys Design Constraints File file not found: 'BSCU.sdc'. A Synopsys Design Constraints File is required by the TimeQuest Timing Analyzer to get proper timing constraints. Without it, the Compiler will not properly optimize the design.
Info (332142): No user constrained base clocks found in the design. Calling "derive_clocks -period 1.0"
Info (332096): The command derive_clocks did not find any clocks to derive.  No clocks were created or changed.
Warning (332068): No clocks defined in design.
Info: Found TIMEQUEST_REPORT_SCRIPT_INCLUDE_DEFAULT_ANALYSIS = ON
Info (332159): No clocks to report
Info: Analyzing Slow Model
Info (332140): No fmax paths to report
Info (332140): No Setup paths to report
Info (332140): No Hold paths to report
Info (332140): No Recovery paths to report
Info (332140): No Removal paths to report
Info (332140): No Minimum Pulse Width paths to report
Info (332001): The selected device family is not supported by the report_metastability command.
Info: Analyzing Fast Model
Info (332142): No user constrained base clocks found in the design. Calling "derive_clocks -period 1.0"
Info (332096): The command derive_clocks did not find any clocks to derive.  No clocks were created or changed.
Warning (332068): No clocks defined in design.
Info (332140): No Setup paths to report
Info (332140): No Hold paths to report
Info (332140): No Recovery paths to report
Info (332140): No Removal paths to report
Info (332140): No Minimum Pulse Width paths to report
Info (332001): The selected device family is not supported by the report_metastability command.
Info (332102): Design is not fully constrained for setup requirements
Info (332102): Design is not fully constrained for hold requirements
Info: Quartus II 64-Bit TimeQuest Timing Analyzer was successful. 0 errors, 4 warnings
    Info: Peak virtual memory: 4541 megabytes
    Info: Processing ended: Sat Dec 13 15:19:49 2025
    Info: Elapsed time: 00:00:01
    Info: Total CPU time (on all processors): 00:00:01


