Analysis & Synthesis report for RM
Sat Dec 13 21:22:36 2025
Quartus II 64-Bit Version 13.0.1 Build 232 06/12/2013 Service Pack 1 SJ Web Edition


---------------------
; Table of Contents ;
---------------------
  1. Legal Notice
  2. Analysis & Synthesis Summary
  3. Analysis & Synthesis Settings
  4. Parallel Compilation
  5. Analysis & Synthesis Source Files Read
  6. Analysis & Synthesis Resource Usage Summary
  7. Analysis & Synthesis Resource Utilization by Entity
  8. Registers Removed During Synthesis
  9. General Register Statistics
 10. Multiplexer Restructuring Statistics (Restructuring Performed)
 11. Elapsed Time Per Partition
 12. Analysis & Synthesis Messages



----------------
; Legal Notice ;
----------------
Copyright (C) 1991-2013 Altera Corporation
Your use of Altera Corporation's design tools, logic functions 
and other software and tools, and its AMPP partner logic 
functions, and any output files from any of the foregoing 
(including device programming or simulation files), and any 
associated documentation or information are expressly subject 
to the terms and conditions of the Altera Program License 
Subscription Agreement, Altera MegaCore Function License 
Agreement, or other applicable license agreement, including, 
without limitation, that your use is for the sole purpose of 
programming logic devices manufactured by Altera and sold by 
Altera or its authorized distributors.  Please refer to the 
applicable agreement for further details.



+--------------------------------------------------------------------------------------+
; Analysis & Synthesis Summary                                                         ;
+------------------------------------+-------------------------------------------------+
; Analysis & Synthesis Status        ; Successful - Sat Dec 13 21:22:36 2025           ;
; Quartus II 64-Bit Version          ; 13.0.1 Build 232 06/12/2013 SP 1 SJ Web Edition ;
; Revision Name                      ; RM                                              ;
; Top-level Entity Name              ; RM                                              ;
; Family                             ; Cyclone II                                      ;
; Total logic elements               ; 146                                             ;
;     Total combinational functions  ; 139                                             ;
;     Dedicated logic registers      ; 26                                              ;
; Total registers                    ; 26                                              ;
; Total pins                         ; 27                                              ;
; Total virtual pins                 ; 0                                               ;
; Total memory bits                  ; 0                                               ;
; Embedded Multiplier 9-bit elements ; 0                                               ;
; Total PLLs                         ; 0                                               ;
+------------------------------------+-------------------------------------------------+


+----------------------------------------------------------------------------------------------------------------------+
; Analysis & Synthesis Settings                                                                                        ;
+----------------------------------------------------------------------------+--------------------+--------------------+
; Option                                                                     ; Setting            ; Default Value      ;
+----------------------------------------------------------------------------+--------------------+--------------------+
; Device                                                                     ; EP2C35F672C6       ;                    ;
; Top-level entity name                                                      ; RM                 ; RM                 ;
; Family name                                                                ; Cyclone II         ; Cyclone IV GX      ;
; Use smart compilation                                                      ; Off                ; Off                ;
; Enable parallel Assembler and TimeQuest Timing Analyzer during compilation ; On                 ; On                 ;
; Enable compact report table                                                ; Off                ; Off                ;
; Restructure Multiplexers                                                   ; Auto               ; Auto               ;
; Create Debugging Nodes for IP Cores                                        ; Off                ; Off                ;
; Preserve fewer node names                                                  ; On                 ; On                 ;
; Disable OpenCore Plus hardware evaluation                                  ; Off                ; Off                ;
; Verilog Version                                                            ; Verilog_2001       ; Verilog_2001       ;
; VHDL Version                                                               ; VHDL_1993          ; VHDL_1993          ;
; State Machine Processing                                                   ; Auto               ; Auto               ;
; Safe State Machine                                                         ; Off                ; Off                ;
; Extract Verilog State Machines                                             ; On                 ; On                 ;
; Extract VHDL State Machines                                                ; On                 ; On                 ;
; Ignore Verilog initial constructs                                          ; Off                ; Off                ;
; Iteration limit for constant Verilog loops                                 ; 5000               ; 5000               ;
; Iteration limit for non-constant Verilog loops                             ; 250                ; 250                ;
; Add Pass-Through Logic to Inferred RAMs                                    ; On                 ; On                 ;
; Infer RAMs from Raw Logic                                                  ; On                 ; On                 ;
; Parallel Synthesis                                                         ; On                 ; On                 ;
; DSP Block Balancing                                                        ; Auto               ; Auto               ;
; NOT Gate Push-Back                                                         ; On                 ; On                 ;
; Power-Up Don't Care                                                        ; On                 ; On                 ;
; Remove Redundant Logic Cells                                               ; Off                ; Off                ;
; Remove Duplicate Registers                                                 ; On                 ; On                 ;
; Ignore CARRY Buffers                                                       ; Off                ; Off                ;
; Ignore CASCADE Buffers                                                     ; Off                ; Off                ;
; Ignore GLOBAL Buffers                                                      ; Off                ; Off                ;
; Ignore ROW GLOBAL Buffers                                                  ; Off                ; Off                ;
; Ignore LCELL Buffers                                                       ; Off                ; Off                ;
; Ignore SOFT Buffers                                                        ; On                 ; On                 ;
; Limit AHDL Integers to 32 Bits                                             ; Off                ; Off                ;
; Optimization Technique                                                     ; Balanced           ; Balanced           ;
; Carry Chain Length                                                         ; 70                 ; 70                 ;
; Auto Carry Chains                                                          ; On                 ; On                 ;
; Auto Open-Drain Pins                                                       ; On                 ; On                 ;
; Perform WYSIWYG Primitive Resynthesis                                      ; Off                ; Off                ;
; Auto ROM Replacement                                                       ; On                 ; On                 ;
; Auto RAM Replacement                                                       ; On                 ; On                 ;
; Auto Shift Register Replacement                                            ; Auto               ; Auto               ;
; Allow Shift Register Merging across Hierarchies                            ; Auto               ; Auto               ;
; Auto Clock Enable Replacement                                              ; On                 ; On                 ;
; Strict RAM Replacement                                                     ; Off                ; Off                ;
; Allow Synchronous Control Signals                                          ; On                 ; On                 ;
; Force Use of Synchronous Clear Signals                                     ; Off                ; Off                ;
; Auto RAM to Logic Cell Conversion                                          ; Off                ; Off                ;
; Auto Resource Sharing                                                      ; Off                ; Off                ;
; Allow Any RAM Size For Recognition                                         ; Off                ; Off                ;
; Allow Any ROM Size For Recognition                                         ; Off                ; Off                ;
; Allow Any Shift Register Size For Recognition                              ; Off                ; Off                ;
; Use LogicLock Constraints during Resource Balancing                        ; On                 ; On                 ;
; Ignore translate_off and synthesis_off directives                          ; Off                ; Off                ;
; Timing-Driven Synthesis                                                    ; Off                ; Off                ;
; Report Parameter Settings                                                  ; On                 ; On                 ;
; Report Source Assignments                                                  ; On                 ; On                 ;
; Report Connectivity Checks                                                 ; On                 ; On                 ;
; Ignore Maximum Fan-Out Assignments                                         ; Off                ; Off                ;
; Synchronization Register Chain Length                                      ; 2                  ; 2                  ;
; PowerPlay Power Optimization                                               ; Normal compilation ; Normal compilation ;
; HDL message level                                                          ; Level2             ; Level2             ;
; Suppress Register Optimization Related Messages                            ; Off                ; Off                ;
; Number of Removed Registers Reported in Synthesis Report                   ; 5000               ; 5000               ;
; Number of Swept Nodes Reported in Synthesis Report                         ; 5000               ; 5000               ;
; Number of Inverted Registers Reported in Synthesis Report                  ; 100                ; 100                ;
; Clock MUX Protection                                                       ; On                 ; On                 ;
; Auto Gated Clock Conversion                                                ; Off                ; Off                ;
; Block Design Naming                                                        ; Auto               ; Auto               ;
; SDC constraint protection                                                  ; Off                ; Off                ;
; Synthesis Effort                                                           ; Auto               ; Auto               ;
; Shift Register Replacement - Allow Asynchronous Clear Signal               ; On                 ; On                 ;
; Pre-Mapping Resynthesis Optimization                                       ; Off                ; Off                ;
; Analysis & Synthesis Message Level                                         ; Medium             ; Medium             ;
; Disable Register Merging Across Hierarchies                                ; Auto               ; Auto               ;
; Resource Aware Inference For Block RAM                                     ; On                 ; On                 ;
; Synthesis Seed                                                             ; 1                  ; 1                  ;
+----------------------------------------------------------------------------+--------------------+--------------------+


Parallel compilation was disabled, but you have multiple processors available. Enable parallel compilation to reduce compilation time.
+-------------------------------------+
; Parallel Compilation                ;
+----------------------------+--------+
; Processors                 ; Number ;
+----------------------------+--------+
; Number detected on machine ; 8      ;
; Maximum allowed            ; 1      ;
+----------------------------+--------+


+------------------------------------------------------------------------------------------------------------------------------------------------------------------------------------------------------+
; Analysis & Synthesis Source Files Read                                                                                                                                                               ;
+-----------------------------------------------------+-----------------+------------------------------------+-------------------------------------------------------------------------------+---------+
; File Name with User-Entered Path                    ; Used in Netlist ; File Type                          ; File Name with Absolute Path                                                  ; Library ;
+-----------------------------------------------------+-----------------+------------------------------------+-------------------------------------------------------------------------------+---------+
; ../SRA/NextStateLogic.bdf                           ; yes             ; User Block Diagram/Schematic File  ; D:/HK5/CE118_DigitalLogicDesign/CircuitDesign/SRA/NextStateLogic.bdf          ;         ;
; ../SRA/ctrDFFs.bdf                                  ; yes             ; User Block Diagram/Schematic File  ; D:/HK5/CE118_DigitalLogicDesign/CircuitDesign/SRA/ctrDFFs.bdf                 ;         ;
; ../BusSharingChained/AU2.bdf                        ; yes             ; User Block Diagram/Schematic File  ; D:/HK5/CE118_DigitalLogicDesign/CircuitDesign/BusSharingChained/AU2.bdf       ;         ;
; ../BusSharingChained/AU1.bdf                        ; yes             ; User Block Diagram/Schematic File  ; D:/HK5/CE118_DigitalLogicDesign/CircuitDesign/BusSharingChained/AU1.bdf       ;         ;
; ../../../../Quartus_Block/AU/Adder/FullAdder/HA.bdf ; yes             ; User Block Diagram/Schematic File  ; D:/Quartus_Block/AU/Adder/FullAdder/HA.bdf                                    ;         ;
; ../../../../Quartus_Block/AU/Adder/FullAdder/FA.bdf ; yes             ; User Block Diagram/Schematic File  ; D:/Quartus_Block/AU/Adder/FullAdder/FA.bdf                                    ;         ;
; ../../../../Quartus_Block/Mux/MUX21/8mux21.bdf      ; yes             ; User Block Diagram/Schematic File  ; D:/Quartus_Block/Mux/MUX21/8mux21.bdf                                         ;         ;
; ../SRA/SR3.bdf                                      ; yes             ; User Block Diagram/Schematic File  ; D:/HK5/CE118_DigitalLogicDesign/CircuitDesign/SRA/SR3.bdf                     ;         ;
; ../SRA/SR1.bdf                                      ; yes             ; User Block Diagram/Schematic File  ; D:/HK5/CE118_DigitalLogicDesign/CircuitDesign/SRA/SR1.bdf                     ;         ;
; ../SRA/Register8.bdf                                ; yes             ; User Block Diagram/Schematic File  ; D:/HK5/CE118_DigitalLogicDesign/CircuitDesign/SRA/Register8.bdf               ;         ;
; ../SRA/R8DFFs.bdf                                   ; yes             ; User Block Diagram/Schematic File  ; D:/HK5/CE118_DigitalLogicDesign/CircuitDesign/SRA/R8DFFs.bdf                  ;         ;
; ../SRA/Adder8.bdf                                   ; yes             ; User Block Diagram/Schematic File  ; D:/HK5/CE118_DigitalLogicDesign/CircuitDesign/SRA/Adder8.bdf                  ;         ;
; ../SRA/Adder4S.bdf                                  ; yes             ; User Block Diagram/Schematic File  ; D:/HK5/CE118_DigitalLogicDesign/CircuitDesign/SRA/Adder4S.bdf                 ;         ;
; ../SRA/8ShiftRight3.bdf                             ; yes             ; User Block Diagram/Schematic File  ; D:/HK5/CE118_DigitalLogicDesign/CircuitDesign/SRA/8ShiftRight3.bdf            ;         ;
; ../SRA/8ShiftRight1.bdf                             ; yes             ; User Block Diagram/Schematic File  ; D:/HK5/CE118_DigitalLogicDesign/CircuitDesign/SRA/8ShiftRight1.bdf            ;         ;
; RF13.bdf                                            ; yes             ; User Block Diagram/Schematic File  ; D:/HK5/CE118_DigitalLogicDesign/CircuitDesign/RegisterMerging/RF13.bdf        ;         ;
; Dtp.bdf                                             ; yes             ; User Block Diagram/Schematic File  ; D:/HK5/CE118_DigitalLogicDesign/CircuitDesign/RegisterMerging/Dtp.bdf         ;         ;
; OutputLogic.bdf                                     ; yes             ; User Block Diagram/Schematic File  ; D:/HK5/CE118_DigitalLogicDesign/CircuitDesign/RegisterMerging/OutputLogic.bdf ;         ;
; Controller.bdf                                      ; yes             ; User Block Diagram/Schematic File  ; D:/HK5/CE118_DigitalLogicDesign/CircuitDesign/RegisterMerging/Controller.bdf  ;         ;
; RM.bdf                                              ; yes             ; User Block Diagram/Schematic File  ; D:/HK5/CE118_DigitalLogicDesign/CircuitDesign/RegisterMerging/RM.bdf          ;         ;
+-----------------------------------------------------+-----------------+------------------------------------+-------------------------------------------------------------------------------+---------+


+------------------------------------------------------------------------------------+
; Analysis & Synthesis Resource Usage Summary                                        ;
+---------------------------------------------+--------------------------------------+
; Resource                                    ; Usage                                ;
+---------------------------------------------+--------------------------------------+
; Estimated Total logic elements              ; 146                                  ;
;                                             ;                                      ;
; Total combinational functions               ; 139                                  ;
; Logic element usage by number of LUT inputs ;                                      ;
;     -- 4 input functions                    ; 105                                  ;
;     -- 3 input functions                    ; 33                                   ;
;     -- <=2 input functions                  ; 1                                    ;
;                                             ;                                      ;
; Logic elements by mode                      ;                                      ;
;     -- normal mode                          ; 139                                  ;
;     -- arithmetic mode                      ; 0                                    ;
;                                             ;                                      ;
; Total registers                             ; 26                                   ;
;     -- Dedicated logic registers            ; 26                                   ;
;     -- I/O registers                        ; 0                                    ;
;                                             ;                                      ;
; I/O pins                                    ; 27                                   ;
; Embedded Multiplier 9-bit elements          ; 0                                    ;
; Maximum fan-out node                        ; Controller:inst1|ctrDFFs:inst1|inst2 ;
; Maximum fan-out                             ; 31                                   ;
; Total fan-out                               ; 613                                  ;
; Average fan-out                             ; 3.19                                 ;
+---------------------------------------------+--------------------------------------+


+--------------------------------------------------------------------------------------------------------------------------------------------------------------------------------------------------------------------------------+
; Analysis & Synthesis Resource Utilization by Entity                                                                                                                                                                            ;
+------------------------------+-------------------+--------------+-------------+--------------+---------+-----------+------+--------------+----------------------------------------------------------------------+--------------+
; Compilation Hierarchy Node   ; LC Combinationals ; LC Registers ; Memory Bits ; DSP Elements ; DSP 9x9 ; DSP 18x18 ; Pins ; Virtual Pins ; Full Hierarchy Name                                                  ; Library Name ;
+------------------------------+-------------------+--------------+-------------+--------------+---------+-----------+------+--------------+----------------------------------------------------------------------+--------------+
; |RM                          ; 139 (0)           ; 26 (0)       ; 0           ; 0            ; 0       ; 0         ; 27   ; 0            ; |RM                                                                  ; work         ;
;    |Controller:inst1|        ; 11 (0)            ; 3 (0)        ; 0           ; 0            ; 0       ; 0         ; 0    ; 0            ; |RM|Controller:inst1                                                 ; work         ;
;       |NextStateLogic:inst|  ; 2 (2)             ; 0 (0)        ; 0           ; 0            ; 0       ; 0         ; 0    ; 0            ; |RM|Controller:inst1|NextStateLogic:inst                             ; work         ;
;       |OutputLogic:inst2|    ; 8 (8)             ; 0 (0)        ; 0           ; 0            ; 0       ; 0         ; 0    ; 0            ; |RM|Controller:inst1|OutputLogic:inst2                               ; work         ;
;       |ctrDFFs:inst1|        ; 1 (1)             ; 3 (3)        ; 0           ; 0            ; 0       ; 0         ; 0    ; 0            ; |RM|Controller:inst1|ctrDFFs:inst1                                   ; work         ;
;    |Dtp:inst|                ; 128 (85)          ; 23 (0)       ; 0           ; 0            ; 0       ; 0         ; 0    ; 0            ; |RM|Dtp:inst                                                         ; work         ;
;       |AU1:inst1|            ; 9 (1)             ; 0 (0)        ; 0           ; 0            ; 0       ; 0         ; 0    ; 0            ; |RM|Dtp:inst|AU1:inst1                                               ; work         ;
;          |Adder8:inst9|      ; 8 (0)             ; 0 (0)        ; 0           ; 0            ; 0       ; 0         ; 0    ; 0            ; |RM|Dtp:inst|AU1:inst1|Adder8:inst9                                  ; work         ;
;             |Adder4S:inst3|  ; 4 (0)             ; 0 (0)        ; 0           ; 0            ; 0       ; 0         ; 0    ; 0            ; |RM|Dtp:inst|AU1:inst1|Adder8:inst9|Adder4S:inst3                    ; work         ;
;                |FA:inst17|   ; 1 (1)             ; 0 (0)        ; 0           ; 0            ; 0       ; 0         ; 0    ; 0            ; |RM|Dtp:inst|AU1:inst1|Adder8:inst9|Adder4S:inst3|FA:inst17          ; work         ;
;                |FA:inst18|   ; 1 (1)             ; 0 (0)        ; 0           ; 0            ; 0       ; 0         ; 0    ; 0            ; |RM|Dtp:inst|AU1:inst1|Adder8:inst9|Adder4S:inst3|FA:inst18          ; work         ;
;                |FA:inst19|   ; 1 (0)             ; 0 (0)        ; 0           ; 0            ; 0       ; 0         ; 0    ; 0            ; |RM|Dtp:inst|AU1:inst1|Adder8:inst9|Adder4S:inst3|FA:inst19          ; work         ;
;                   |HA:inst1| ; 1 (1)             ; 0 (0)        ; 0           ; 0            ; 0       ; 0         ; 0    ; 0            ; |RM|Dtp:inst|AU1:inst1|Adder8:inst9|Adder4S:inst3|FA:inst19|HA:inst1 ; work         ;
;                |FA:inst|     ; 1 (1)             ; 0 (0)        ; 0           ; 0            ; 0       ; 0         ; 0    ; 0            ; |RM|Dtp:inst|AU1:inst1|Adder8:inst9|Adder4S:inst3|FA:inst            ; work         ;
;             |Adder4S:inst|   ; 4 (0)             ; 0 (0)        ; 0           ; 0            ; 0       ; 0         ; 0    ; 0            ; |RM|Dtp:inst|AU1:inst1|Adder8:inst9|Adder4S:inst                     ; work         ;
;                |FA:inst17|   ; 1 (1)             ; 0 (0)        ; 0           ; 0            ; 0       ; 0         ; 0    ; 0            ; |RM|Dtp:inst|AU1:inst1|Adder8:inst9|Adder4S:inst|FA:inst17           ; work         ;
;                |FA:inst18|   ; 1 (1)             ; 0 (0)        ; 0           ; 0            ; 0       ; 0         ; 0    ; 0            ; |RM|Dtp:inst|AU1:inst1|Adder8:inst9|Adder4S:inst|FA:inst18           ; work         ;
;                |FA:inst19|   ; 1 (1)             ; 0 (0)        ; 0           ; 0            ; 0       ; 0         ; 0    ; 0            ; |RM|Dtp:inst|AU1:inst1|Adder8:inst9|Adder4S:inst|FA:inst19           ; work         ;
;                |FA:inst|     ; 1 (1)             ; 0 (0)        ; 0           ; 0            ; 0       ; 0         ; 0    ; 0            ; |RM|Dtp:inst|AU1:inst1|Adder8:inst9|Adder4S:inst|FA:inst             ; work         ;
;       |AU2:inst2|            ; 26 (10)           ; 0 (0)        ; 0           ; 0            ; 0       ; 0         ; 0    ; 0            ; |RM|Dtp:inst|AU2:inst2                                               ; work         ;
;          |8mux21:inst15|     ; 2 (2)             ; 0 (0)        ; 0           ; 0            ; 0       ; 0         ; 0    ; 0            ; |RM|Dtp:inst|AU2:inst2|8mux21:inst15                                 ; work         ;
;          |Adder8:inst2|      ; 14 (0)            ; 0 (0)        ; 0           ; 0            ; 0       ; 0         ; 0    ; 0            ; |RM|Dtp:inst|AU2:inst2|Adder8:inst2                                  ; work         ;
;             |Adder4S:inst3|  ; 7 (0)             ; 0 (0)        ; 0           ; 0            ; 0       ; 0         ; 0    ; 0            ; |RM|Dtp:inst|AU2:inst2|Adder8:inst2|Adder4S:inst3                    ; work         ;
;                |FA:inst17|   ; 2 (1)             ; 0 (0)        ; 0           ; 0            ; 0       ; 0         ; 0    ; 0            ; |RM|Dtp:inst|AU2:inst2|Adder8:inst2|Adder4S:inst3|FA:inst17          ; work         ;
;                   |HA:inst1| ; 1 (1)             ; 0 (0)        ; 0           ; 0            ; 0       ; 0         ; 0    ; 0            ; |RM|Dtp:inst|AU2:inst2|Adder8:inst2|Adder4S:inst3|FA:inst17|HA:inst1 ; work         ;
;                |FA:inst18|   ; 2 (1)             ; 0 (0)        ; 0           ; 0            ; 0       ; 0         ; 0    ; 0            ; |RM|Dtp:inst|AU2:inst2|Adder8:inst2|Adder4S:inst3|FA:inst18          ; work         ;
;                   |HA:inst1| ; 1 (1)             ; 0 (0)        ; 0           ; 0            ; 0       ; 0         ; 0    ; 0            ; |RM|Dtp:inst|AU2:inst2|Adder8:inst2|Adder4S:inst3|FA:inst18|HA:inst1 ; work         ;
;                |FA:inst19|   ; 1 (0)             ; 0 (0)        ; 0           ; 0            ; 0       ; 0         ; 0    ; 0            ; |RM|Dtp:inst|AU2:inst2|Adder8:inst2|Adder4S:inst3|FA:inst19          ; work         ;
;                   |HA:inst1| ; 1 (1)             ; 0 (0)        ; 0           ; 0            ; 0       ; 0         ; 0    ; 0            ; |RM|Dtp:inst|AU2:inst2|Adder8:inst2|Adder4S:inst3|FA:inst19|HA:inst1 ; work         ;
;                |FA:inst|     ; 2 (1)             ; 0 (0)        ; 0           ; 0            ; 0       ; 0         ; 0    ; 0            ; |RM|Dtp:inst|AU2:inst2|Adder8:inst2|Adder4S:inst3|FA:inst            ; work         ;
;                   |HA:inst1| ; 1 (1)             ; 0 (0)        ; 0           ; 0            ; 0       ; 0         ; 0    ; 0            ; |RM|Dtp:inst|AU2:inst2|Adder8:inst2|Adder4S:inst3|FA:inst|HA:inst1   ; work         ;
;             |Adder4S:inst|   ; 7 (0)             ; 0 (0)        ; 0           ; 0            ; 0       ; 0         ; 0    ; 0            ; |RM|Dtp:inst|AU2:inst2|Adder8:inst2|Adder4S:inst                     ; work         ;
;                |FA:inst17|   ; 2 (1)             ; 0 (0)        ; 0           ; 0            ; 0       ; 0         ; 0    ; 0            ; |RM|Dtp:inst|AU2:inst2|Adder8:inst2|Adder4S:inst|FA:inst17           ; work         ;
;                   |HA:inst1| ; 1 (1)             ; 0 (0)        ; 0           ; 0            ; 0       ; 0         ; 0    ; 0            ; |RM|Dtp:inst|AU2:inst2|Adder8:inst2|Adder4S:inst|FA:inst17|HA:inst1  ; work         ;
;                |FA:inst18|   ; 2 (1)             ; 0 (0)        ; 0           ; 0            ; 0       ; 0         ; 0    ; 0            ; |RM|Dtp:inst|AU2:inst2|Adder8:inst2|Adder4S:inst|FA:inst18           ; work         ;
;                   |HA:inst1| ; 1 (1)             ; 0 (0)        ; 0           ; 0            ; 0       ; 0         ; 0    ; 0            ; |RM|Dtp:inst|AU2:inst2|Adder8:inst2|Adder4S:inst|FA:inst18|HA:inst1  ; work         ;
;                |FA:inst19|   ; 2 (1)             ; 0 (0)        ; 0           ; 0            ; 0       ; 0         ; 0    ; 0            ; |RM|Dtp:inst|AU2:inst2|Adder8:inst2|Adder4S:inst|FA:inst19           ; work         ;
;                   |HA:inst1| ; 1 (1)             ; 0 (0)        ; 0           ; 0            ; 0       ; 0         ; 0    ; 0            ; |RM|Dtp:inst|AU2:inst2|Adder8:inst2|Adder4S:inst|FA:inst19|HA:inst1  ; work         ;
;                |FA:inst|     ; 1 (1)             ; 0 (0)        ; 0           ; 0            ; 0       ; 0         ; 0    ; 0            ; |RM|Dtp:inst|AU2:inst2|Adder8:inst2|Adder4S:inst|FA:inst             ; work         ;
;       |RF13:inst|            ; 8 (0)             ; 15 (0)       ; 0           ; 0            ; 0       ; 0         ; 0    ; 0            ; |RM|Dtp:inst|RF13:inst                                               ; work         ;
;          |8mux21:inst2|      ; 8 (8)             ; 0 (0)        ; 0           ; 0            ; 0       ; 0         ; 0    ; 0            ; |RM|Dtp:inst|RF13:inst|8mux21:inst2                                  ; work         ;
;          |Register8:R1|      ; 0 (0)             ; 8 (0)        ; 0           ; 0            ; 0       ; 0         ; 0    ; 0            ; |RM|Dtp:inst|RF13:inst|Register8:R1                                  ; work         ;
;             |R8DFFs:inst|    ; 0 (0)             ; 8 (8)        ; 0           ; 0            ; 0       ; 0         ; 0    ; 0            ; |RM|Dtp:inst|RF13:inst|Register8:R1|R8DFFs:inst                      ; work         ;
;          |Register8:R3|      ; 0 (0)             ; 7 (0)        ; 0           ; 0            ; 0       ; 0         ; 0    ; 0            ; |RM|Dtp:inst|RF13:inst|Register8:R3                                  ; work         ;
;             |R8DFFs:inst|    ; 0 (0)             ; 7 (7)        ; 0           ; 0            ; 0       ; 0         ; 0    ; 0            ; |RM|Dtp:inst|RF13:inst|Register8:R3|R8DFFs:inst                      ; work         ;
;       |Register8:R2|         ; 0 (0)             ; 8 (0)        ; 0           ; 0            ; 0       ; 0         ; 0    ; 0            ; |RM|Dtp:inst|Register8:R2                                            ; work         ;
;          |R8DFFs:inst|       ; 0 (0)             ; 8 (8)        ; 0           ; 0            ; 0       ; 0         ; 0    ; 0            ; |RM|Dtp:inst|Register8:R2|R8DFFs:inst                                ; work         ;
+------------------------------+-------------------+--------------+-------------+--------------+---------+-----------+------+--------------+----------------------------------------------------------------------+--------------+
Note: For table entries with two numbers listed, the numbers in parentheses indicate the number of resources of the given type used by the specific entity alone. The numbers listed outside of parentheses indicate the total resources of the given type used by the specific entity and all of its sub-entities in the hierarchy.


+-------------------------------------------------------------------------------------------+
; Registers Removed During Synthesis                                                        ;
+--------------------------------------------------+----------------------------------------+
; Register name                                    ; Reason for Removal                     ;
+--------------------------------------------------+----------------------------------------+
; Dtp:inst|RF13:inst|Register8:R3|R8DFFs:inst|inst ; Stuck at GND due to stuck port data_in ;
; Total Number of Removed Registers = 1            ;                                        ;
+--------------------------------------------------+----------------------------------------+


+------------------------------------------------------+
; General Register Statistics                          ;
+----------------------------------------------+-------+
; Statistic                                    ; Value ;
+----------------------------------------------+-------+
; Total registers                              ; 26    ;
; Number of registers using Synchronous Clear  ; 0     ;
; Number of registers using Synchronous Load   ; 0     ;
; Number of registers using Asynchronous Clear ; 0     ;
; Number of registers using Asynchronous Load  ; 0     ;
; Number of registers using Clock Enable       ; 23    ;
; Number of registers using Preset             ; 0     ;
+----------------------------------------------+-------+


+-------------------------------------------------------------------------------------------------------------------------------------------------------------+
; Multiplexer Restructuring Statistics (Restructuring Performed)                                                                                              ;
+--------------------+-----------+---------------+----------------------+------------------------+------------+-----------------------------------------------+
; Multiplexer Inputs ; Bus Width ; Baseline Area ; Area if Restructured ; Saving if Restructured ; Registered ; Example Multiplexer Output                    ;
+--------------------+-----------+---------------+----------------------+------------------------+------------+-----------------------------------------------+
; 3:1                ; 8 bits    ; 16 LEs        ; 16 LEs               ; 0 LEs                  ; No         ; |RM|Dtp:inst|AU1:inst1|8mux21:inst4|inst3[7]  ;
; 4:1                ; 8 bits    ; 16 LEs        ; 16 LEs               ; 0 LEs                  ; No         ; |RM|Dtp:inst|AU2:inst2|8mux21:inst15|inst3[7] ;
+--------------------+-----------+---------------+----------------------+------------------------+------------+-----------------------------------------------+


+-------------------------------+
; Elapsed Time Per Partition    ;
+----------------+--------------+
; Partition Name ; Elapsed Time ;
+----------------+--------------+
; Top            ; 00:00:01     ;
+----------------+--------------+


+-------------------------------+
; Analysis & Synthesis Messages ;
+-------------------------------+
Info: *******************************************************************
Info: Running Quartus II 64-Bit Analysis & Synthesis
    Info: Version 13.0.1 Build 232 06/12/2013 Service Pack 1 SJ Web Edition
    Info: Processing started: Sat Dec 13 21:22:32 2025
Info: Command: quartus_map --read_settings_files=on --write_settings_files=off RM -c RM
Warning (20028): Parallel compilation is not licensed and has been disabled
Info (12021): Found 1 design units, including 1 entities, in source file /hk5/ce118_digitallogicdesign/circuitdesign/sra/nextstatelogic.bdf
    Info (12023): Found entity 1: NextStateLogic
Info (12021): Found 1 design units, including 1 entities, in source file /hk5/ce118_digitallogicdesign/circuitdesign/sra/ctrdffs.bdf
    Info (12023): Found entity 1: ctrDFFs
Info (12021): Found 1 design units, including 1 entities, in source file /hk5/ce118_digitallogicdesign/circuitdesign/operatormerging/8mux41.bdf
    Info (12023): Found entity 1: 8mux41
Info (12021): Found 1 design units, including 1 entities, in source file /hk5/ce118_digitallogicdesign/circuitdesign/bussharingchained/au2.bdf
    Info (12023): Found entity 1: AU2
Info (12021): Found 1 design units, including 1 entities, in source file /hk5/ce118_digitallogicdesign/circuitdesign/bussharingchained/au1.bdf
    Info (12023): Found entity 1: AU1
Info (12021): Found 1 design units, including 1 entities, in source file /quartus_block/au/adder/fulladder/ha.bdf
    Info (12023): Found entity 1: HA
Info (12021): Found 1 design units, including 1 entities, in source file /quartus_block/au/adder/fulladder/fa.bdf
    Info (12023): Found entity 1: FA
Info (12021): Found 1 design units, including 1 entities, in source file /quartus_block/mux/mux21/8mux21.bdf
    Info (12023): Found entity 1: 8mux21
Info (12021): Found 1 design units, including 1 entities, in source file /hk5/ce118_digitallogicdesign/circuitdesign/sra/sub8s.bdf
    Info (12023): Found entity 1: Sub8S
Info (12021): Found 1 design units, including 1 entities, in source file /hk5/ce118_digitallogicdesign/circuitdesign/sra/sr3.bdf
    Info (12023): Found entity 1: SR3
Info (12021): Found 1 design units, including 1 entities, in source file /hk5/ce118_digitallogicdesign/circuitdesign/sra/sr1.bdf
    Info (12023): Found entity 1: SR1
Info (12021): Found 1 design units, including 1 entities, in source file /hk5/ce118_digitallogicdesign/circuitdesign/sra/register8.bdf
    Info (12023): Found entity 1: Register8
Info (12021): Found 1 design units, including 1 entities, in source file /hk5/ce118_digitallogicdesign/circuitdesign/sra/r8dffs.bdf
    Info (12023): Found entity 1: R8DFFs
Info (12021): Found 1 design units, including 1 entities, in source file /hk5/ce118_digitallogicdesign/circuitdesign/sra/minunit.bdf
    Info (12023): Found entity 1: MinUnit
Info (12021): Found 1 design units, including 1 entities, in source file /hk5/ce118_digitallogicdesign/circuitdesign/sra/minmaxu.bdf
    Info (12023): Found entity 1: MinMaxU
Info (12021): Found 1 design units, including 1 entities, in source file /hk5/ce118_digitallogicdesign/circuitdesign/sra/maxunit.bdf
    Info (12023): Found entity 1: MaxUnit
Info (12021): Found 1 design units, including 1 entities, in source file /hk5/ce118_digitallogicdesign/circuitdesign/sra/avu.bdf
    Info (12023): Found entity 1: AVU
Info (12021): Found 1 design units, including 1 entities, in source file /hk5/ce118_digitallogicdesign/circuitdesign/sra/addsubunit.bdf
    Info (12023): Found entity 1: AddSubUnit
Info (12021): Found 1 design units, including 1 entities, in source file /hk5/ce118_digitallogicdesign/circuitdesign/sra/adder8s.bdf
    Info (12023): Found entity 1: Adder8S
Info (12021): Found 1 design units, including 1 entities, in source file /hk5/ce118_digitallogicdesign/circuitdesign/sra/adder8.bdf
    Info (12023): Found entity 1: Adder8
Info (12021): Found 1 design units, including 1 entities, in source file /hk5/ce118_digitallogicdesign/circuitdesign/sra/adder4s.bdf
    Info (12023): Found entity 1: Adder4S
Info (12021): Found 1 design units, including 1 entities, in source file /hk5/ce118_digitallogicdesign/circuitdesign/sra/8shiftright3.bdf
    Info (12023): Found entity 1: 8ShiftRight3
Info (12021): Found 1 design units, including 1 entities, in source file /hk5/ce118_digitallogicdesign/circuitdesign/sra/8shiftright1.bdf
    Info (12023): Found entity 1: 8ShiftRight1
Info (12021): Found 1 design units, including 1 entities, in source file rf13.bdf
    Info (12023): Found entity 1: RF13
Info (12021): Found 1 design units, including 1 entities, in source file dtp.bdf
    Info (12023): Found entity 1: Dtp
Info (12021): Found 1 design units, including 1 entities, in source file outputlogic.bdf
    Info (12023): Found entity 1: OutputLogic
Info (12021): Found 1 design units, including 1 entities, in source file controller.bdf
    Info (12023): Found entity 1: Controller
Info (12021): Found 1 design units, including 1 entities, in source file rm.bdf
    Info (12023): Found entity 1: RM
Info (12127): Elaborating entity "RM" for the top level hierarchy
Info (12128): Elaborating entity "Controller" for hierarchy "Controller:inst1"
Info (12128): Elaborating entity "OutputLogic" for hierarchy "Controller:inst1|OutputLogic:inst2"
Info (12128): Elaborating entity "ctrDFFs" for hierarchy "Controller:inst1|ctrDFFs:inst1"
Info (12128): Elaborating entity "NextStateLogic" for hierarchy "Controller:inst1|NextStateLogic:inst"
Info (12128): Elaborating entity "Dtp" for hierarchy "Dtp:inst"
Info (12128): Elaborating entity "RF13" for hierarchy "Dtp:inst|RF13:inst"
Info (12128): Elaborating entity "8mux21" for hierarchy "Dtp:inst|RF13:inst|8mux21:inst2"
Info (12128): Elaborating entity "Register8" for hierarchy "Dtp:inst|RF13:inst|Register8:R1"
Info (12128): Elaborating entity "R8DFFs" for hierarchy "Dtp:inst|RF13:inst|Register8:R1|R8DFFs:inst"
Info (12128): Elaborating entity "AU1" for hierarchy "Dtp:inst|AU1:inst1"
Info (12128): Elaborating entity "Adder8" for hierarchy "Dtp:inst|AU1:inst1|Adder8:inst9"
Info (12128): Elaborating entity "Adder4S" for hierarchy "Dtp:inst|AU1:inst1|Adder8:inst9|Adder4S:inst3"
Info (12128): Elaborating entity "FA" for hierarchy "Dtp:inst|AU1:inst1|Adder8:inst9|Adder4S:inst3|FA:inst19"
Info (12128): Elaborating entity "HA" for hierarchy "Dtp:inst|AU1:inst1|Adder8:inst9|Adder4S:inst3|FA:inst19|HA:inst1"
Info (12128): Elaborating entity "AU2" for hierarchy "Dtp:inst|AU2:inst2"
Info (12128): Elaborating entity "8ShiftRight3" for hierarchy "Dtp:inst|8ShiftRight3:inst4"
Info (12128): Elaborating entity "SR3" for hierarchy "Dtp:inst|8ShiftRight3:inst4|SR3:inst"
Info (12128): Elaborating entity "8ShiftRight1" for hierarchy "Dtp:inst|8ShiftRight1:inst5"
Info (12128): Elaborating entity "SR1" for hierarchy "Dtp:inst|8ShiftRight1:inst5|SR1:inst"
Warning (13046): Tri-state node(s) do not directly drive top-level pin(s)
    Warning (13048): Converted tri-state node feeding "Dtp:inst|RF13:inst|Register8:R1|8mux21:inst1|inst[7]" into a selector
    Warning (13049): Converted tri-state buffer "Dtp:inst|inst10[0]" feeding internal logic into a wire
    Warning (13048): Converted tri-state node feeding "Dtp:inst|Register8:R2|8mux21:inst1|inst[7]" into a selector
    Warning (13048): Converted tri-state node feeding "Dtp:inst|Register8:R2|8mux21:inst1|inst[6]" into a selector
    Warning (13048): Converted tri-state node feeding "Dtp:inst|Register8:R2|8mux21:inst1|inst[5]" into a selector
Warning (13046): Tri-state node(s) do not directly drive top-level pin(s)
    Warning (13047): Converted the fan-out from the tri-state buffer "Dtp:inst|inst6[7]" to the node "Dtp:inst|AU2:inst2|inst[7]" into an OR gate
    Warning (13047): Converted the fan-out from the tri-state buffer "Dtp:inst|inst6[6]" to the node "Dtp:inst|AU2:inst2|inst[6]" into an OR gate
    Warning (13047): Converted the fan-out from the tri-state buffer "Dtp:inst|inst6[5]" to the node "Dtp:inst|AU2:inst2|inst[5]" into an OR gate
    Warning (13047): Converted the fan-out from the tri-state buffer "Dtp:inst|inst6[4]" to the node "Dtp:inst|AU2:inst2|inst[4]" into an OR gate
    Warning (13047): Converted the fan-out from the tri-state buffer "Dtp:inst|inst6[3]" to the node "Dtp:inst|AU2:inst2|inst[3]" into an OR gate
    Warning (13047): Converted the fan-out from the tri-state buffer "Dtp:inst|inst6[2]" to the node "Dtp:inst|AU2:inst2|inst[2]" into an OR gate
    Warning (13047): Converted the fan-out from the tri-state buffer "Dtp:inst|inst6[1]" to the node "Dtp:inst|AU2:inst2|inst[1]" into an OR gate
    Warning (13047): Converted the fan-out from the tri-state buffer "Dtp:inst|inst6[0]" to the node "Dtp:inst|AU2:inst2|inst[0]" into an OR gate
    Warning (13047): Converted the fan-out from the tri-state buffer "Dtp:inst|inst10[7]" to the node "Dtp:inst|AU2:inst2|Adder8:inst2|Adder4S:inst3|FA:inst19|HA:inst1|inst" into an OR gate
    Warning (13047): Converted the fan-out from the tri-state buffer "Dtp:inst|inst10[6]" to the node "Dtp:inst|AU1:inst1|inst1[6]" into an OR gate
    Warning (13047): Converted the fan-out from the tri-state buffer "Dtp:inst|inst10[5]" to the node "Dtp:inst|AU1:inst1|inst1[5]" into an OR gate
    Warning (13047): Converted the fan-out from the tri-state buffer "Dtp:inst|inst10[4]" to the node "Dtp:inst|AU1:inst1|inst1[4]" into an OR gate
    Warning (13047): Converted the fan-out from the tri-state buffer "Dtp:inst|inst10[3]" to the node "Dtp:inst|AU1:inst1|inst1[3]" into an OR gate
    Warning (13047): Converted the fan-out from the tri-state buffer "Dtp:inst|inst10[2]" to the node "Dtp:inst|AU1:inst1|inst1[2]" into an OR gate
    Warning (13047): Converted the fan-out from the tri-state buffer "Dtp:inst|inst10[1]" to the node "Dtp:inst|AU1:inst1|inst1[1]" into an OR gate
Warning (13046): Tri-state node(s) do not directly drive top-level pin(s)
    Warning (13047): Converted the fan-out from the tri-state buffer "Dtp:inst|inst7[6]" to the node "Dtp:inst|RF13:inst|Register8:R1|R8DFFs:inst|inst1" into an OR gate
    Warning (13047): Converted the fan-out from the tri-state buffer "Dtp:inst|inst7[5]" to the node "Dtp:inst|RF13:inst|Register8:R1|R8DFFs:inst|inst2" into an OR gate
    Warning (13047): Converted the fan-out from the tri-state buffer "Dtp:inst|inst7[4]" to the node "Dtp:inst|RF13:inst|Register8:R1|R8DFFs:inst|inst3" into an OR gate
    Warning (13047): Converted the fan-out from the tri-state buffer "Dtp:inst|inst7[3]" to the node "Dtp:inst|RF13:inst|Register8:R1|R8DFFs:inst|inst4" into an OR gate
    Warning (13047): Converted the fan-out from the tri-state buffer "Dtp:inst|inst7[2]" to the node "Dtp:inst|RF13:inst|Register8:R1|R8DFFs:inst|inst5" into an OR gate
    Warning (13047): Converted the fan-out from the tri-state buffer "Dtp:inst|inst7[1]" to the node "Dtp:inst|RF13:inst|Register8:R1|R8DFFs:inst|inst6" into an OR gate
    Warning (13047): Converted the fan-out from the tri-state buffer "Dtp:inst|inst7[0]" to the node "Dtp:inst|RF13:inst|Register8:R1|R8DFFs:inst|inst7" into an OR gate
    Warning (13047): Converted the fan-out from the tri-state buffer "Dtp:inst|inst9[0]" to the node "Dtp:inst|Register8:R2|R8DFFs:inst|inst7" into an OR gate
    Warning (13047): Converted the fan-out from the tri-state buffer "Dtp:inst|inst9[4]" to the node "Dtp:inst|Register8:R2|R8DFFs:inst|inst3" into an OR gate
    Warning (13047): Converted the fan-out from the tri-state buffer "Dtp:inst|inst9[3]" to the node "Dtp:inst|Register8:R2|R8DFFs:inst|inst4" into an OR gate
    Warning (13047): Converted the fan-out from the tri-state buffer "Dtp:inst|inst9[2]" to the node "Dtp:inst|Register8:R2|R8DFFs:inst|inst5" into an OR gate
    Warning (13047): Converted the fan-out from the tri-state buffer "Dtp:inst|inst9[1]" to the node "Dtp:inst|Register8:R2|R8DFFs:inst|inst6" into an OR gate
Info (16010): Generating hard_block partition "hard_block:auto_generated_inst"
    Info (16011): Adding 0 node(s), including 0 DDIO, 0 PLL, 0 transceiver and 0 LCELL
Info (21057): Implemented 180 device resources after synthesis - the final resource count might be different
    Info (21058): Implemented 18 input pins
    Info (21059): Implemented 9 output pins
    Info (21061): Implemented 153 logic cells
Info: Quartus II 64-Bit Analysis & Synthesis was successful. 0 errors, 36 warnings
    Info: Peak virtual memory: 4608 megabytes
    Info: Processing ended: Sat Dec 13 21:22:36 2025
    Info: Elapsed time: 00:00:04
    Info: Total CPU time (on all processors): 00:00:03


